###############################################################################
#                                                                             #
# IAR C/C++ Compiler V7.60.1.40026 for 8051             08/Apr/2014  22:18:30 #
# Copyright (C) 2004-2010 IAR Systems AB.                                     #
#                                                                             #
#    Core               =  plain                                              #
#    Code model         =  banked                                             #
#    Data model         =  large                                              #
#    Calling convention =  xdata reentrant                                    #
#    Constant location  =  data_rom                                           #
#    Dptr setup         =  1,16                                               #
#    Source file        =  D:\zigbee\projects\zstack-cc2530-coordinator\Compo #
#                          nents\hal\target\CC2530EB\hal_uart.c               #
#    Command line       =  -f D:\zigbee\projects\zstack-cc2530-coordinator\Pr #
#                          ojects\zstack\Samples\GenericApp\CC2530DB\..\..\.. #
#                          \Tools\CC2530DB\f8wCoord.cfg (-DCPU32MHZ           #
#                          -DROOT=__near_func -DMAC_CFG_APP_PENDING_QUEUE=TRU #
#                          E -DMAC_CFG_TX_DATA_MAX=5 -DMAC_CFG_TX_MAX=8       #
#                          -DMAC_CFG_RX_MAX=5 -DZDO_COORDINATOR -DRTR_NWK)    #
#                          -f D:\zigbee\projects\zstack-cc2530-coordinator\Pr #
#                          ojects\zstack\Samples\GenericApp\CC2530DB\..\..\.. #
#                          \Tools\CC2530DB\f8wConfig.cfg (-DZIGBEEPRO         #
#                          -DSECURE=0 -DZG_SECURE_DYNAMIC=0 -DREFLECTOR       #
#                          -DDEFAULT_CHANLIST=0x00000800                      #
#                          -DZDAPP_CONFIG_PAN_ID=0x1111                       #
#                          -DNWK_START_DELAY=100 -DEXTENDED_JOINING_RANDOM_MA #
#                          SK=0x007F -DBEACON_REQUEST_DELAY=100               #
#                          -DBEACON_REQ_DELAY_MASK=0x00FF                     #
#                          -DLINK_STATUS_JITTER_MASK=0x007F                   #
#                          -DROUTE_EXPIRY_TIME=30 -DAPSC_ACK_WAIT_DURATION_PO #
#                          LLED=3000 -DNWK_INDIRECT_MSG_TIMEOUT=7             #
#                          -DMAX_RREQ_ENTRIES=8 -DAPSC_MAX_FRAME_RETRIES=3    #
#                          -DNWK_MAX_DATA_RETRIES=2                           #
#                          -DMAX_POLL_FAILURE_RETRIES=2 -DMAX_BCAST=9         #
#                          -DAPS_MAX_GROUPS=16 -DMAX_RTG_ENTRIES=40           #
#                          -DNWK_MAX_BINDING_ENTRIES=4                        #
#                          -DMAX_BINDING_CLUSTER_IDS=4 "-DDEFAULT_KEY={0x01,  #
#                          0x03, 0x05, 0x07, 0x09, 0x0B, 0x0D, 0x0F, 0x00,    #
#                          0x02, 0x04, 0x06, 0x08, 0x0A, 0x0C, 0x0D}"         #
#                          -DMAC_MAX_FRAME_SIZE=116                           #
#                          -DZDNWKMGR_MIN_TRANSMISSIONS=20 "-DCONST=const     #
#                          __code" -DGENERIC=__generic                        #
#                          -DRFD_RCVC_ALWAYS_ON=FALSE -DPOLL_RATE=1000        #
#                          -DQUEUED_POLL_RATE=100 -DRESPONSE_POLL_RATE=100)   #
#                          -DREJOIN_POLL_RATE=440 D:\zigbee\projects\zstack-c #
#                          c2530-coordinator\Components\hal\target\CC2530EB\h #
#                          al_uart.c -D ZAPP_P1 -D MT_TASK -D MT_SYS_FUNC -D  #
#                          MT_ZDO_FUNC -D LCD_SUPPORTED=DEBUG -lC             #
#                          D:\zigbee\projects\zstack-cc2530-coordinator\Proje #
#                          cts\zstack\Samples\GenericApp\CC2530DB\Coordinator #
#                          EB\List\ -lA D:\zigbee\projects\zstack-cc2530-coor #
#                          dinator\Projects\zstack\Samples\GenericApp\CC2530D #
#                          B\CoordinatorEB\List\ --diag_suppress Pe001,Pa010  #
#                          -o D:\zigbee\projects\zstack-cc2530-coordinator\Pr #
#                          ojects\zstack\Samples\GenericApp\CC2530DB\Coordina #
#                          torEB\Obj\ -e --require_prototypes                 #
#                          --no_code_motion --debug --core=plain --dptr=16,1  #
#                          --data_model=large --code_model=banked             #
#                          --calling_convention=xdata_reentrant               #
#                          --place_constants=data_rom --nr_virtual_regs 16    #
#                          -I D:\zigbee\projects\zstack-cc2530-coordinator\Pr #
#                          ojects\zstack\Samples\GenericApp\CC2530DB\ -I      #
#                          D:\zigbee\projects\zstack-cc2530-coordinator\Proje #
#                          cts\zstack\Samples\GenericApp\CC2530DB\..\Source\  #
#                          -I D:\zigbee\projects\zstack-cc2530-coordinator\Pr #
#                          ojects\zstack\Samples\GenericApp\CC2530DB\..\..\.. #
#                          \ZMain\TI2530DB\ -I D:\zigbee\projects\zstack-cc25 #
#                          30-coordinator\Projects\zstack\Samples\GenericApp\ #
#                          CC2530DB\..\..\..\..\..\Components\hal\include\    #
#                          -I D:\zigbee\projects\zstack-cc2530-coordinator\Pr #
#                          ojects\zstack\Samples\GenericApp\CC2530DB\..\..\.. #
#                          \..\..\Components\hal\target\CC2530EB\ -I          #
#                          D:\zigbee\projects\zstack-cc2530-coordinator\Proje #
#                          cts\zstack\Samples\GenericApp\CC2530DB\..\..\..\.. #
#                          \..\Components\mac\include\ -I                     #
#                          D:\zigbee\projects\zstack-cc2530-coordinator\Proje #
#                          cts\zstack\Samples\GenericApp\CC2530DB\..\..\..\.. #
#                          \..\Components\mac\high_level\ -I                  #
#                          D:\zigbee\projects\zstack-cc2530-coordinator\Proje #
#                          cts\zstack\Samples\GenericApp\CC2530DB\..\..\..\.. #
#                          \..\Components\mac\low_level\srf04\ -I             #
#                          D:\zigbee\projects\zstack-cc2530-coordinator\Proje #
#                          cts\zstack\Samples\GenericApp\CC2530DB\..\..\..\.. #
#                          \..\Components\mac\low_level\srf04\single_chip\    #
#                          -I D:\zigbee\projects\zstack-cc2530-coordinator\Pr #
#                          ojects\zstack\Samples\GenericApp\CC2530DB\..\..\.. #
#                          \..\..\Components\mt\ -I                           #
#                          D:\zigbee\projects\zstack-cc2530-coordinator\Proje #
#                          cts\zstack\Samples\GenericApp\CC2530DB\..\..\..\.. #
#                          \..\Components\osal\include\ -I                    #
#                          D:\zigbee\projects\zstack-cc2530-coordinator\Proje #
#                          cts\zstack\Samples\GenericApp\CC2530DB\..\..\..\.. #
#                          \..\Components\osal\mcu\ccsoc\ -I                  #
#                          D:\zigbee\projects\zstack-cc2530-coordinator\Proje #
#                          cts\zstack\Samples\GenericApp\CC2530DB\..\..\..\.. #
#                          \..\Components\services\saddr\ -I                  #
#                          D:\zigbee\projects\zstack-cc2530-coordinator\Proje #
#                          cts\zstack\Samples\GenericApp\CC2530DB\..\..\..\.. #
#                          \..\Components\services\sdata\ -I                  #
#                          D:\zigbee\projects\zstack-cc2530-coordinator\Proje #
#                          cts\zstack\Samples\GenericApp\CC2530DB\..\..\..\.. #
#                          \..\Components\stack\af\ -I                        #
#                          D:\zigbee\projects\zstack-cc2530-coordinator\Proje #
#                          cts\zstack\Samples\GenericApp\CC2530DB\..\..\..\.. #
#                          \..\Components\stack\nwk\ -I                       #
#                          D:\zigbee\projects\zstack-cc2530-coordinator\Proje #
#                          cts\zstack\Samples\GenericApp\CC2530DB\..\..\..\.. #
#                          \..\Components\stack\sapi\ -I                      #
#                          D:\zigbee\projects\zstack-cc2530-coordinator\Proje #
#                          cts\zstack\Samples\GenericApp\CC2530DB\..\..\..\.. #
#                          \..\Components\stack\sec\ -I                       #
#                          D:\zigbee\projects\zstack-cc2530-coordinator\Proje #
#                          cts\zstack\Samples\GenericApp\CC2530DB\..\..\..\.. #
#                          \..\Components\stack\sys\ -I                       #
#                          D:\zigbee\projects\zstack-cc2530-coordinator\Proje #
#                          cts\zstack\Samples\GenericApp\CC2530DB\..\..\..\.. #
#                          \..\Components\stack\zdo\ -I                       #
#                          D:\zigbee\projects\zstack-cc2530-coordinator\Proje #
#                          cts\zstack\Samples\GenericApp\CC2530DB\..\..\..\.. #
#                          \..\Components\zmac\ -I D:\zigbee\projects\zstack- #
#                          cc2530-coordinator\Projects\zstack\Samples\Generic #
#                          App\CC2530DB\..\..\..\..\..\Components\zmac\f8w\   #
#                          -I "C:\Program Files (x86)\IAR Systems\Embedded    #
#                          Workbench 5.4\8051\INC\" -I "C:\Program Files      #
#                          (x86)\IAR Systems\Embedded Workbench               #
#                          5.4\8051\INC\CLIB\" -Ohz                           #
#    List file          =  D:\zigbee\projects\zstack-cc2530-coordinator\Proje #
#                          cts\zstack\Samples\GenericApp\CC2530DB\Coordinator #
#                          EB\List\hal_uart.lst                               #
#    Object file        =  D:\zigbee\projects\zstack-cc2530-coordinator\Proje #
#                          cts\zstack\Samples\GenericApp\CC2530DB\Coordinator #
#                          EB\Obj\hal_uart.r51                                #
#                                                                             #
#                                                                             #
###############################################################################

D:\zigbee\projects\zstack-cc2530-coordinator\Components\hal\target\CC2530EB\hal_uart.c
      1          /**************************************************************************************************
      2            Filename:       _hal_uart.c
      3            Revised:        $Date: 2009-06-12 09:16:43 -0700 (Fri, 12 Jun 2009) $
      4            Revision:       $Revision: 20142 $
      5          
      6            Description: This file contains the interface to the H/W UART driver.
      7          
      8          
      9            Copyright 2006-2009 Texas Instruments Incorporated. All rights reserved.
     10          
     11            IMPORTANT: Your use of this Software is limited to those specific rights
     12            granted under the terms of a software license agreement between the user
     13            who downloaded the software, his/her employer (which must be your employer)
     14            and Texas Instruments Incorporated (the "License").  You may not use this
     15            Software unless you agree to abide by the terms of the License. The License
     16            limits your use, and you acknowledge, that the Software may not be modified,
     17            copied or distributed unless embedded on a Texas Instruments microcontroller
     18            or used solely and exclusively in conjunction with a Texas Instruments radio
     19            frequency transceiver, which is integrated into your product.  Other than for
     20            the foregoing purpose, you may not use, reproduce, copy, prepare derivative
     21            works of, modify, distribute, perform, display or sell this Software and/or
     22            its documentation for any purpose.
     23          
     24            YOU FURTHER ACKNOWLEDGE AND AGREE THAT THE SOFTWARE AND DOCUMENTATION ARE
     25            PROVIDED “AS IS?WITHOUT WARRANTY OF ANY KIND, EITHER EXPRESS OR IMPLIED,
     26            INCLUDING WITHOUT LIMITATION, ANY WARRANTY OF MERCHANTABILITY, TITLE,
     27            NON-INFRINGEMENT AND FITNESS FOR A PARTICULAR PURPOSE. IN NO EVENT SHALL
     28            TEXAS INSTRUMENTS OR ITS LICENSORS BE LIABLE OR OBLIGATED UNDER CONTRACT,
     29            NEGLIGENCE, STRICT LIABILITY, CONTRIBUTION, BREACH OF WARRANTY, OR OTHER
     30            LEGAL EQUITABLE THEORY ANY DIRECT OR INDIRECT DAMAGES OR EXPENSES
     31            INCLUDING BUT NOT LIMITED TO ANY INCIDENTAL, SPECIAL, INDIRECT, PUNITIVE
     32            OR CONSEQUENTIAL DAMAGES, LOST PROFITS OR LOST DATA, COST OF PROCUREMENT
     33            OF SUBSTITUTE GOODS, TECHNOLOGY, SERVICES, OR ANY CLAIMS BY THIRD PARTIES
     34            (INCLUDING BUT NOT LIMITED TO ANY DEFENSE THEREOF), OR OTHER SIMILAR COSTS.
     35          
     36            Should you have any questions regarding your right to use this Software,
     37            contact Texas Instruments Incorporated at www.TI.com.
     38          **************************************************************************************************/
     39          
     40          /*********************************************************************
     41           * INCLUDES
     42           */
     43          
     44          #include "hal_board_cfg.h"

   \                                 In  segment SFR_AN, at 0x80
   \   union <unnamed> volatile __sfr _A_P0
   \                     _A_P0:
   \   000000                DS 1

   \                                 In  segment SFR_AN, at 0x86
   \   unsigned char volatile __sfr U0CSR
   \                     U0CSR:
   \   000000                DS 1

   \                                 In  segment SFR_AN, at 0x95
   \   unsigned char volatile __sfr ST0
   \                     ST0:
   \   000000                DS 1

   \                                 In  segment SFR_AN, at 0xa8
   \   union <unnamed> volatile __sfr _A_IEN0
   \                     _A_IEN0:
   \   000000                DS 1

   \                                 In  segment SFR_AN, at 0xab
   \   unsigned char volatile __sfr P0IEN
   \                     P0IEN:
   \   000000                DS 1

   \                                 In  segment SFR_AN, at 0xc2
   \   unsigned char volatile __sfr U0BAUD
   \                     U0BAUD:
   \   000000                DS 1

   \                                 In  segment SFR_AN, at 0xc4
   \   unsigned char volatile __sfr U0UCR
   \                     U0UCR:
   \   000000                DS 1

   \                                 In  segment SFR_AN, at 0xc5
   \   unsigned char volatile __sfr U0GCR
   \                     U0GCR:
   \   000000                DS 1

   \                                 In  segment SFR_AN, at 0xd1
   \   unsigned char volatile __sfr DMAIRQ
   \                     DMAIRQ:
   \   000000                DS 1

   \                                 In  segment SFR_AN, at 0xd6
   \   unsigned char volatile __sfr DMAARM
   \                     DMAARM:
   \   000000                DS 1

   \                                 In  segment SFR_AN, at 0xd7
   \   unsigned char volatile __sfr DMAREQ
   \                     DMAREQ:
   \   000000                DS 1

   \                                 In  segment SFR_AN, at 0xf1
   \   unsigned char volatile __sfr PERCFG
   \                     PERCFG:
   \   000000                DS 1

   \                                 In  segment SFR_AN, at 0xf2
   \   unsigned char volatile __sfr ADCCFG
   \                     ADCCFG:
   \   000000                DS 1

   \                                 In  segment SFR_AN, at 0xf3
   \   unsigned char volatile __sfr P0SEL
   \                     P0SEL:
   \   000000                DS 1

   \                                 In  segment SFR_AN, at 0xfd
   \   unsigned char volatile __sfr P0DIR
   \                     P0DIR:
   \   000000                DS 1

   \                                 In  segment SFR_AN, at 0xff
   \   unsigned char volatile __sfr P2DIR
   \                     P2DIR:
   \   000000                DS 1
     45          #include "hal_defs.h"
     46          #include "hal_types.h"
     47          #include "hal_uart.h"
     48          #include <string.h>
     49          
     50          /*********************************************************************
     51           * MACROS
     52           */
     53          
     54          /*********************************************************************
     55           * TYPEDEFS
     56           */
     57          
     58          /*********************************************************************
     59           * CONSTANTS
     60           */
     61          
     62          /*********************************************************************
     63           * GLOBAL VARIABLES
     64           */
     65          
     66          /*********************************************************************
     67           * GLOBAL FUNCTIONS
     68           */
     69          
     70          /*********************************************************************
     71           * LOCAL VARIABLES
     72           */
     73          
     74          /*********************************************************************
     75           * LOCAL FUNCTIONS
     76           */
     77          
     78          #if HAL_UART_DMA
     79          #include "_hal_uart_dma.c"

   \                                 In  segment XDATA_Z, align 1, keep-with-next
   \   static uartDMACfg_t dmaCfg
   \                     dmaCfg:
   \   000000                DS 526
   \   00020E                REQUIRE __INIT_XDATA_Z

   \                                 In  segment BANKED_CODE, align 1, keep-with-next
   \   static __banked_func __xdata_reentrant void HalUARTInitDMA(void)
   \                     HalUARTInitDMA:
   \   000000   C082         PUSH    DPL
   \   000002   C083         PUSH    DPH
   \   000004                ; Saved register size: 2
   \   000004                ; Auto size: 0
   \   000004   53FF3F       ANL     0xff,#0x3f
   \   000007   E5FF         MOV     A,0xff
   \   000009   85FFFF       MOV     0xff,0xff
   \   00000C   53F1FE       ANL     0xf1,#0xfe
   \   00000F   43F30C       ORL     0xf3,#0xc
   \   000012   E5F3         MOV     A,0xf3
   \   000014   53F2F3       ANL     0xf2,#0xf3
   \   000017   E5F2         MOV     A,0xf2
   \   000019   758680       MOV     0x86,#-0x80
   \   00001C   75C480       MOV     0xc4,#-0x80
   \   00001F   7470         MOV     A,#0x70
   \   000021   90....       MOV     DPTR,#(dmaCh1234 + 26)
   \   000024   F0           MOVX    @DPTR,A
   \   000025   74C1         MOV     A,#-0x3f
   \   000027   90....       MOV     DPTR,#(dmaCh1234 + 27)
   \   00002A   F0           MOVX    @DPTR,A
   \   00002B   90....       MOV     DPTR,#(dmaCh1234 + 28)
   \   00002E   E0           MOVX    A,@DPTR
   \   00002F   541F         ANL     A,#0x1f
   \   000031   F0           MOVX    @DPTR,A
   \   000032   740F         MOV     A,#0xf
   \   000034   90....       MOV     DPTR,#(dmaCh1234 + 30)
   \   000037   F0           MOVX    @DPTR,A
   \   000038   744A         MOV     A,#0x4a
   \   00003A   90....       MOV     DPTR,#(dmaCh1234 + 31)
   \   00003D   F0           MOVX    @DPTR,A
   \   00003E   7470         MOV     A,#0x70
   \   000040   90....       MOV     DPTR,#(dmaCh1234 + 16)
   \   000043   F0           MOVX    @DPTR,A
   \   000044   74C1         MOV     A,#-0x3f
   \   000046   90....       MOV     DPTR,#(dmaCh1234 + 17)
   \   000049   F0           MOVX    @DPTR,A
   \   00004A   90....       MOV     DPTR,#(dmaCh1234 + 20)
   \   00004D   E0           MOVX    A,@DPTR
   \   00004E   541F         ANL     A,#0x1f
   \   000050   F0           MOVX    @DPTR,A
   \   000051   74CE         MOV     A,#-0x32
   \   000053   90....       MOV     DPTR,#(dmaCh1234 + 22)
   \   000056   F0           MOVX    @DPTR,A
   \   000057   90....       MOV     DPTR,#(dmaCh1234 + 23)
   \   00005A   E0           MOVX    A,@DPTR
   \   00005B   540F         ANL     A,#0xf
   \   00005D   4410         ORL     A,#0x10
   \   00005F   F0           MOVX    @DPTR,A
   \   000060   74..         MOV     A,#((dmaCfg >> 8) & 0xff)
   \   000062   90....       MOV     DPTR,#(dmaCh1234 + 18)
   \   000065   F0           MOVX    @DPTR,A
   \   000066   74..         MOV     A,#(dmaCfg & 0xff)
   \   000068   90....       MOV     DPTR,#(dmaCh1234 + 19)
   \   00006B   F0           MOVX    @DPTR,A
   \   00006C   7480         MOV     A,#-0x80
   \   00006E   90....       MOV     DPTR,#(dmaCh1234 + 21)
   \   000071   F0           MOVX    @DPTR,A
   \   000072   E4           CLR     A
   \   000073   90....       MOV     DPTR,#(dmaCh1234 + 20)
   \   000076   F0           MOVX    @DPTR,A
   \   000077   7412         MOV     A,#0x12
   \   000079   90....       MOV     DPTR,#(dmaCh1234 + 23)
   \   00007C   02....       LJMP    ?Subroutine0 & 0xFFFF
   \   00007F                REQUIRE U0UCR
   \   00007F                REQUIRE PERCFG
   \   00007F                REQUIRE ADCCFG
   \   00007F                REQUIRE P0SEL
   \   00007F                REQUIRE P2DIR
   \   00007F                REQUIRE U0CSR

   \                                 In  segment BANKED_CODE, align 1, keep-with-next
   \                     ?Subroutine0:
   \   000000   F0           MOVX    @DPTR,A
   \   000001                REQUIRE ??Subroutine20_0
   \   000001                ; // Fall through to label ??Subroutine20_0

   \                                 In  segment BANKED_CODE, align 1, keep-with-next
   \                     ??Subroutine20_0:
   \   000000   D083         POP     DPH
   \   000002   D082         POP     DPL
   \   000004   02....       LJMP    ?BRET

   \                                 In  segment BANKED_CODE, align 1, keep-with-next
   \   static __banked_func __xdata_reentrant void HalUARTOpenDMA(halUARTCfg_t *)
   \                     HalUARTOpenDMA:
   \   000000   C082         PUSH    DPL
   \   000002   C083         PUSH    DPH
   \   000004                ; Saved register size: 2
   \   000004                ; Auto size: 0
   \   000004   EA           MOV     A,R2
   \   000005   241B         ADD     A,#0x1b
   \   000007   F582         MOV     DPL,A
   \   000009   EB           MOV     A,R3
   \   00000A   3400         ADDC    A,#0x0
   \   00000C   F583         MOV     DPH,A
   \   00000E   E0           MOVX    A,@DPTR
   \   00000F   F8           MOV     R0,A
   \   000010   A3           INC     DPTR
   \   000011   E0           MOVX    A,@DPTR
   \   000012   F9           MOV     R1,A
   \   000013   90....       MOV     DPTR,#(dmaCfg + 524)
   \   000016   E8           MOV     A,R0
   \   000017   F0           MOVX    @DPTR,A
   \   000018   A3           INC     DPTR
   \   000019   E9           MOV     A,R1
   \   00001A   F0           MOVX    @DPTR,A
   \   00001B   8A82         MOV     DPL,R2
   \   00001D   8B83         MOV     DPH,R3
   \   00001F   A3           INC     DPTR
   \   000020   E0           MOVX    A,@DPTR
   \   000021   6403         XRL     A,#0x3
   \   000023   600A         JZ      ??HalUARTOpenDMA_0
   \   000025   8A82         MOV     DPL,R2
   \   000027   8B83         MOV     DPH,R3
   \   000029   A3           INC     DPTR
   \   00002A   E0           MOVX    A,@DPTR
   \   00002B   6404         XRL     A,#0x4
   \   00002D   7005         JNZ     ??HalUARTOpenDMA_1
   \                     ??HalUARTOpenDMA_0:
   \   00002F   75C2D8       MOV     0xc2,#-0x28
   \   000032   8003         SJMP    ??HalUARTOpenDMA_2
   \                     ??HalUARTOpenDMA_1:
   \   000034   75C23B       MOV     0xc2,#0x3b
   \                     ??HalUARTOpenDMA_2:
   \   000037   8A82         MOV     DPL,R2
   \   000039   8B83         MOV     DPH,R3
   \   00003B   A3           INC     DPTR
   \   00003C   E0           MOVX    A,@DPTR
   \   00003D   12....       LCALL   ?UC_SWITCH_DENSE
   \                     `?<Jumptable for HalUARTOpenDMA>_0`:
   \   000040   00           DB        0
   \   000041   03           DB        3
   \   000042   ....         DW        ??HalUARTOpenDMA_3
   \   000044   ....         DW        ??HalUARTOpenDMA_4
   \   000046   ....         DW        ??HalUARTOpenDMA_5
   \   000048   ....         DW        ??HalUARTOpenDMA_6
   \   00004A   ....         DW        ??HalUARTOpenDMA_7
   \                     ??HalUARTOpenDMA_4:
   \   00004C   75C508       MOV     0xc5,#0x8
   \   00004F   7423         MOV     A,#0x23
   \   000051   801A         SJMP    ??HalUARTOpenDMA_8
   \                     ??HalUARTOpenDMA_5:
   \   000053   75C509       MOV     0xc5,#0x9
   \   000056   7412         MOV     A,#0x12
   \   000058   8013         SJMP    ??HalUARTOpenDMA_8
   \                     ??HalUARTOpenDMA_6:
   \   00005A   75C50A       MOV     0xc5,#0xa
   \   00005D   7409         MOV     A,#0x9
   \   00005F   800C         SJMP    ??HalUARTOpenDMA_8
   \                     ??HalUARTOpenDMA_7:
   \   000061   75C50A       MOV     0xc5,#0xa
   \   000064   7406         MOV     A,#0x6
   \   000066   8005         SJMP    ??HalUARTOpenDMA_8
   \                     ??HalUARTOpenDMA_3:
   \   000068   75C50B       MOV     0xc5,#0xb
   \   00006B   7403         MOV     A,#0x3
   \                     ??HalUARTOpenDMA_8:
   \   00006D   90....       MOV     DPTR,#(dmaCfg + 520)
   \   000070   F0           MOVX    @DPTR,A
   \   000071   8A82         MOV     DPL,R2
   \   000073   8B83         MOV     DPH,R3
   \   000075   A3           INC     DPTR
   \   000076   A3           INC     DPTR
   \   000077   E0           MOVX    A,@DPTR
   \   000078   600D         JZ      ??HalUARTOpenDMA_9
   \   00007A   75C442       MOV     0xc4,#0x42
   \   00007D   43F310       ORL     0xf3,#0x10
   \   000080   C285         CLR     0x80.5
   \   000082   43FD20       ORL     0xfd,#0x20
   \   000085   8003         SJMP    ??HalUARTOpenDMA_10
   \                     ??HalUARTOpenDMA_9:
   \   000087   75C402       MOV     0xc4,#0x2
   \                     ??HalUARTOpenDMA_10:
   \   00008A   9070C1       MOV     DPTR,#0x70c1
   \   00008D   E0           MOVX    A,@DPTR
   \   00008E   90....       MOV     DPTR,#dmaCfg
   \   000091   F0           MOVX    @DPTR,A
   \   000092   A3           INC     DPTR
   \   000093   E4           CLR     A
   \   000094   F0           MOVX    @DPTR,A
   \   000095   75D1F7       MOV     0xd1,#-0x9
   \   000098   75D608       MOV     0xd6,#0x8
   \   00009B                ; Setup parameters for call to function osal_memset
   \   00009B   FC           MOV     R4,A
   \   00009C   7D01         MOV     R5,#0x1
   \   00009E   74FF         MOV     A,#-0x1
   \   0000A0   65C2         XRL     A,0xc2
   \   0000A2   F9           MOV     R1,A
   \   0000A3   7A..         MOV     R2,#(dmaCfg & 0xff)
   \   0000A5   7B..         MOV     R3,#((dmaCfg >> 8) & 0xff)
   \   0000A7   12....       LCALL   ??osal_memset?relay
   \   0000AA   438640       ORL     0x86,#0x40
   \   0000AD   E4           CLR     A
   \   0000AE   90....       MOV     DPTR,#(dmaCfg + 523)
   \   0000B1   F0           MOVX    @DPTR,A
   \   0000B2   90....       MOV     DPTR,#(dmaCfg + 522)
   \   0000B5   02....       LJMP    ?Subroutine0 & 0xFFFF
   \   0000B8                REQUIRE U0BAUD
   \   0000B8                REQUIRE U0UCR
   \   0000B8                REQUIRE U0GCR
   \   0000B8                REQUIRE P0SEL
   \   0000B8                REQUIRE P0DIR
   \   0000B8                REQUIRE DMAIRQ
   \   0000B8                REQUIRE DMAARM
   \   0000B8                REQUIRE _A_P0
   \   0000B8                REQUIRE U0CSR

   \                                 In  segment BANKED_CODE, align 1, keep-with-next
   \   static __banked_func __xdata_reentrant uint16 HalUARTReadDMA(unsigned char *, uint16)
   \                     HalUARTReadDMA:
   \   000000   74F6         MOV     A,#-0xa
   \   000002   12....       LCALL   ?BANKED_ENTER_XDATA
   \   000005                ; Saved register size: 10
   \   000005                ; Auto size: 0
   \   000005   7800         MOV     R0,#0x0
   \   000007   7900         MOV     R1,#0x0
   \   000009   8035         SJMP    ??HalUARTReadDMA_0
   \                     ??HalUARTReadDMA_1:
   \   00000B   12....       LCALL   ?Subroutine14 & 0xFFFF
   \                     ??CrossCallReturnLabel_18:
   \   00000E   E0           MOVX    A,@DPTR
   \   00000F   8A82         MOV     DPL,R2
   \   000011   8B83         MOV     DPH,R3
   \   000013   F0           MOVX    @DPTR,A
   \   000014   A3           INC     DPTR
   \   000015   AA82         MOV     R2,DPL
   \   000017   AB83         MOV     R3,DPH
   \   000019   85C2..       MOV     ?V0 + 0,0xc2
   \   00001C   74FF         MOV     A,#-0x1
   \   00001E   65..         XRL     A,?V0 + 0
   \   000020   F5..         MOV     ?V0 + 1,A
   \   000022   12....       LCALL   ?Subroutine7 & 0xFFFF
   \                     ??CrossCallReturnLabel_6:
   \   000025   E4           CLR     A
   \   000026   F0           MOVX    @DPTR,A
   \   000027   A3           INC     DPTR
   \   000028   E5..         MOV     A,?V0 + 1
   \   00002A   F0           MOVX    @DPTR,A
   \   00002B   90....       MOV     DPTR,#(dmaCfg + 256)
   \   00002E   E0           MOVX    A,@DPTR
   \   00002F   04           INC     A
   \   000030   F0           MOVX    @DPTR,A
   \   000031   C3           CLR     C
   \   000032   9480         SUBB    A,#-0x80
   \   000034   4002         JC      ??HalUARTReadDMA_2
   \   000036   E4           CLR     A
   \   000037   F0           MOVX    @DPTR,A
   \                     ??HalUARTReadDMA_2:
   \   000038   E8           MOV     A,R0
   \   000039   2401         ADD     A,#0x1
   \   00003B   08           INC     R0
   \   00003C   E9           MOV     A,R1
   \   00003D   3400         ADDC    A,#0x0
   \   00003F   F9           MOV     R1,A
   \                     ??HalUARTReadDMA_0:
   \   000040   C3           CLR     C
   \   000041   E8           MOV     A,R0
   \   000042   9C           SUBB    A,R4
   \   000043   E9           MOV     A,R1
   \   000044   9D           SUBB    A,R5
   \   000045   5009         JNC     ??HalUARTReadDMA_3
   \   000047   12....       LCALL   ?Subroutine7 & 0xFFFF
   \                     ??CrossCallReturnLabel_7:
   \   00004A   A3           INC     DPTR
   \   00004B   E0           MOVX    A,@DPTR
   \   00004C   65C2         XRL     A,0xc2
   \   00004E   60BB         JZ      ??HalUARTReadDMA_1
   \                     ??HalUARTReadDMA_3:
   \   000050   C285         CLR     0x80.5
   \   000052   E8           MOV     A,R0
   \   000053   FA           MOV     R2,A
   \   000054   E9           MOV     A,R1
   \   000055   FB           MOV     R3,A
   \   000056                REQUIRE ?Subroutine1
   \   000056                REQUIRE U0BAUD
   \   000056                REQUIRE _A_P0
   \   000056                ; // Fall through to label ?Subroutine1

   \                                 In  segment BANKED_CODE, align 1, keep-with-next
   \                     ?Subroutine1:
   \   000000   7F02         MOV     R7,#0x2
   \   000002   02....       LJMP    ?BANKED_LEAVE_XDATA

   \                                 In  segment BANKED_CODE, align 1, keep-with-next
   \                     ?Subroutine7:
   \   000000   90....       MOV     DPTR,#(dmaCfg + 256)
   \   000003   E0           MOVX    A,@DPTR
   \   000004   C3           CLR     C
   \   000005   33           RLC     A
   \   000006   FE           MOV     R6,A
   \   000007   E4           CLR     A
   \   000008   33           RLC     A
   \   000009   FF           MOV     R7,A
   \   00000A   12....       LCALL   ?Subroutine14 & 0xFFFF
   \                     ??CrossCallReturnLabel_19:
   \   00000D   22           RET

   \                                 In  segment BANKED_CODE, align 1, keep-with-next
   \                     ?Subroutine14:
   \   000000   EE           MOV     A,R6
   \   000001   24..         ADD     A,#(dmaCfg & 0xff)
   \   000003   F582         MOV     DPL,A
   \   000005   EF           MOV     A,R7
   \   000006   34..         ADDC    A,#((dmaCfg >> 8) & 0xff)
   \   000008   F583         MOV     DPH,A
   \   00000A   22           RET

   \                                 In  segment BANKED_CODE, align 1, keep-with-next
   \   static __banked_func __xdata_reentrant uint16 HalUARTWriteDMA(unsigned char *, uint16)
   \                     HalUARTWriteDMA:
   \   000000   74F2         MOV     A,#-0xe
   \   000002   12....       LCALL   ?BANKED_ENTER_XDATA
   \   000005                ; Saved register size: 14
   \   000005                ; Auto size: 0
   \   000005   EA           MOV     A,R2
   \   000006   FE           MOV     R6,A
   \   000007   EB           MOV     A,R3
   \   000008   FF           MOV     R7,A
   \   000009   12....       LCALL   ?Subroutine9 & 0xFFFF
   \                     ??CrossCallReturnLabel_10:
   \   00000C   2C           ADD     A,R4
   \   00000D   F8           MOV     R0,A
   \   00000E   E4           CLR     A
   \   00000F   3D           ADDC    A,R5
   \   000010   F9           MOV     R1,A
   \   000011   C3           CLR     C
   \   000012   E8           MOV     A,R0
   \   000013   9481         SUBB    A,#-0x7f
   \   000015   E9           MOV     A,R1
   \   000016   9400         SUBB    A,#0x0
   \   000018   4007         JC      ??HalUARTWriteDMA_0
   \   00001A   7A00         MOV     R2,#0x0
   \   00001C   7B00         MOV     R3,#0x0
   \   00001E   02....       LJMP    ??HalUARTWriteDMA_1 & 0xFFFF
   \                     ??HalUARTWriteDMA_0:
   \   000021   E5A8         MOV     A,0xa8
   \   000023   FA           MOV     R2,A
   \   000024   C2AF         CLR     0xa8.7
   \   000026   90....       MOV     DPTR,#(dmaCfg + 518)
   \   000029   12....       LCALL   ?Subroutine8 & 0xFFFF
   \                     ??CrossCallReturnLabel_8:
   \   00002C   EA           MOV     A,R2
   \   00002D   A2E7         MOV     C,0xE0 /* A   */.7
   \   00002F   92AF         MOV     0xa8.7,C
   \   000031   7A00         MOV     R2,#0x0
   \   000033   7B00         MOV     R3,#0x0
   \   000035   801A         SJMP    ??CrossCallReturnLabel_4
   \                     ??HalUARTWriteDMA_2:
   \   000037   12....       LCALL   ?Subroutine12 & 0xFFFF
   \                     ??CrossCallReturnLabel_14:
   \   00003A   C0E0         PUSH    A
   \   00003C   85....       MOV     ?V0 + 0,?V0 + 5
   \   00003F   75..00       MOV     ?V0 + 1,#0x0
   \   000042   7407         MOV     A,#0x7
   \   000044   78..         MOV     R0,#?V0 + 0
   \   000046   12....       LCALL   ?S_SHL
   \   000049   12....       LCALL   ?Subroutine10 & 0xFFFF
   \                     ??CrossCallReturnLabel_12:
   \   00004C   D0E0         POP     A
   \   00004E   12....       LCALL   ?Subroutine5 & 0xFFFF
   \                     ??CrossCallReturnLabel_4:
   \   000051   C3           CLR     C
   \   000052   EA           MOV     A,R2
   \   000053   9C           SUBB    A,R4
   \   000054   EB           MOV     A,R3
   \   000055   9D           SUBB    A,R5
   \   000056   40DF         JC      ??HalUARTWriteDMA_2
   \   000058   A2AF         MOV     C,0xa8.7
   \   00005A   E4           CLR     A
   \   00005B   92E0         MOV     0xE0 /* A   */.0,C
   \   00005D   F5..         MOV     ?V0 + 0,A
   \   00005F   C2AF         CLR     0xa8.7
   \   000061   90....       MOV     DPTR,#(dmaCfg + 518)
   \   000064   E0           MOVX    A,@DPTR
   \   000065   65..         XRL     A,?V0 + 5
   \   000067   6039         JZ      ??HalUARTWriteDMA_3
   \   000069   E5..         MOV     A,?V0 + 0
   \   00006B   A2E0         MOV     C,0xE0 /* A   */.0
   \   00006D   92AF         MOV     0xa8.7,C
   \   00006F   12....       LCALL   ?Subroutine8 & 0xFFFF
   \                     ??CrossCallReturnLabel_9:
   \   000072   7A00         MOV     R2,#0x0
   \   000074   7B00         MOV     R3,#0x0
   \   000076   801A         SJMP    ??CrossCallReturnLabel_5
   \                     ??HalUARTWriteDMA_4:
   \   000078   12....       LCALL   ?Subroutine12 & 0xFFFF
   \                     ??CrossCallReturnLabel_15:
   \   00007B   C0E0         PUSH    A
   \   00007D   85....       MOV     ?V0 + 0,?V0 + 5
   \   000080   75..00       MOV     ?V0 + 1,#0x0
   \   000083   7407         MOV     A,#0x7
   \   000085   78..         MOV     R0,#?V0 + 0
   \   000087   12....       LCALL   ?S_SHL
   \   00008A   12....       LCALL   ?Subroutine10 & 0xFFFF
   \                     ??CrossCallReturnLabel_13:
   \   00008D   D0E0         POP     A
   \   00008F   12....       LCALL   ?Subroutine5 & 0xFFFF
   \                     ??CrossCallReturnLabel_5:
   \   000092   C3           CLR     C
   \   000093   EA           MOV     A,R2
   \   000094   9C           SUBB    A,R4
   \   000095   EB           MOV     A,R3
   \   000096   9D           SUBB    A,R5
   \   000097   40DF         JC      ??HalUARTWriteDMA_4
   \   000099   A2AF         MOV     C,0xa8.7
   \   00009B   E4           CLR     A
   \   00009C   92E0         MOV     0xE0 /* A   */.0,C
   \   00009E   F5..         MOV     ?V0 + 0,A
   \   0000A0   C2AF         CLR     0xa8.7
   \                     ??HalUARTWriteDMA_3:
   \   0000A2   85..82       MOV     DPL,?V0 + 5
   \   0000A5   A882         MOV     R0,DPL
   \   0000A7   E8           MOV     A,R0
   \   0000A8   12....       LCALL   ??Subroutine19_0 & 0xFFFF
   \                     ??CrossCallReturnLabel_25:
   \   0000AB   E5..         MOV     A,?V0 + 4
   \   0000AD   F0           MOVX    @DPTR,A
   \   0000AE   12....       LCALL   ?Subroutine11 & 0xFFFF
   \                     ??CrossCallReturnLabel_26:
   \   0000B1   E0           MOVX    A,@DPTR
   \   0000B2   7006         JNZ     ??HalUARTWriteDMA_5
   \   0000B4   7401         MOV     A,#0x1
   \   0000B6   90....       MOV     DPTR,#(dmaCfg + 523)
   \   0000B9   F0           MOVX    @DPTR,A
   \                     ??HalUARTWriteDMA_5:
   \   0000BA   E5..         MOV     A,?V0 + 0
   \   0000BC   A2E0         MOV     C,0xE0 /* A   */.0
   \   0000BE   92AF         MOV     0xa8.7,C
   \                     ??HalUARTWriteDMA_1:
   \   0000C0   7F06         MOV     R7,#0x6
   \   0000C2   02....       LJMP    ?BANKED_LEAVE_XDATA
   \   0000C5                REQUIRE _A_IEN0

   \                                 In  segment BANKED_CODE, align 1, keep-with-next
   \                     ?Subroutine12:
   \   000000   EE           MOV     A,R6
   \   000001   2A           ADD     A,R2
   \   000002   F582         MOV     DPL,A
   \   000004   EF           MOV     A,R7
   \   000005   3B           ADDC    A,R3
   \   000006   F583         MOV     DPH,A
   \   000008   E0           MOVX    A,@DPTR
   \   000009   22           RET

   \                                 In  segment BANKED_CODE, align 1, keep-with-next
   \                     ?Subroutine10:
   \   000000   85....       MOV     ?V0 + 2,?V0 + 4
   \   000003   E5..         MOV     A,?V0 + 2
   \   000005   24..         ADD     A,#((dmaCfg + 4) & 0xff)
   \   000007   F8           MOV     R0,A
   \   000008   E4           CLR     A
   \   000009   34..         ADDC    A,#(((dmaCfg + 260) >> 8) & 0xff)
   \   00000B   F9           MOV     R1,A
   \   00000C   E5..         MOV     A,?V0 + 0
   \   00000E   28           ADD     A,R0
   \   00000F   F582         MOV     DPL,A
   \   000011   E5..         MOV     A,?V0 + 1
   \   000013   39           ADDC    A,R1
   \   000014   F583         MOV     DPH,A
   \   000016   22           RET

   \                                 In  segment BANKED_CODE, align 1, keep-with-next
   \                     ?Subroutine8:
   \   000000   E0           MOVX    A,@DPTR
   \   000001   F5..         MOV     ?V0 + 5,A
   \   000003   12....       LCALL   ?Subroutine15 & 0xFFFF
   \                     ??CrossCallReturnLabel_28:
   \   000006   E0           MOVX    A,@DPTR
   \   000007   F5..         MOV     ?V0 + 4,A
   \   000009   22           RET

   \                                 In  segment BANKED_CODE, align 1, keep-with-next
   \                     ?Subroutine5:
   \   000000   F0           MOVX    @DPTR,A
   \   000001   05..         INC     ?V0 + 4
   \   000003   EA           MOV     A,R2
   \   000004   2401         ADD     A,#0x1
   \   000006   0A           INC     R2
   \   000007   EB           MOV     A,R3
   \   000008   3400         ADDC    A,#0x0
   \   00000A   FB           MOV     R3,A
   \   00000B   22           RET

   \                                 In  segment BANKED_CODE, align 1, keep-with-next
   \                     ?Subroutine9:
   \   000000   12....       LCALL   ?Subroutine13 & 0xFFFF
   \                     ??CrossCallReturnLabel_17:
   \   000003   22           RET

   \                                 In  segment BANKED_CODE, align 1, keep-with-next
   \                     ?Subroutine11:
   \   000000   7401         MOV     A,#0x1
   \   000002   68           XRL     A,R0
   \   000003                REQUIRE ??Subroutine19_0
   \   000003                ; // Fall through to label ??Subroutine19_0

   \                                 In  segment BANKED_CODE, align 1, keep-with-next
   \                     ??Subroutine19_0:
   \   000000   12....       LCALL   ?Subroutine15 & 0xFFFF
   \                     ??CrossCallReturnLabel_29:
   \   000003   22           RET

   \                                 In  segment BANKED_CODE, align 1, keep-with-next
   \                     ?Subroutine15:
   \   000000   12....       LCALL   ?Subroutine17 & 0xFFFF
   \                     ??CrossCallReturnLabel_31:
   \   000003   22           RET

   \                                 In  segment BANKED_CODE, align 1, keep-with-next
   \                     ?Subroutine17:
   \   000000   24..         ADD     A,#((dmaCfg + 4) & 0xff)
   \   000002   F582         MOV     DPL,A
   \   000004   E4           CLR     A
   \   000005   34..         ADDC    A,#(((dmaCfg + 516) >> 8) & 0xff)
   \   000007   F583         MOV     DPH,A
   \   000009   22           RET

   \                                 In  segment BANKED_CODE, align 1, keep-with-next
   \                     ?Subroutine13:
   \   000000   90....       MOV     DPTR,#(dmaCfg + 518)
   \   000003   E0           MOVX    A,@DPTR
   \   000004   12....       LCALL   ?Subroutine17 & 0xFFFF
   \                     ??CrossCallReturnLabel_30:
   \   000007   E0           MOVX    A,@DPTR
   \   000008   22           RET

   \                                 In  segment BANKED_CODE, align 1, keep-with-next
   \   static __banked_func __xdata_reentrant void HalUARTPollDMA(void)
   \                     HalUARTPollDMA:
   \   000000   74F6         MOV     A,#-0xa
   \   000002   12....       LCALL   ?BANKED_ENTER_XDATA
   \   000005                ; Saved register size: 10
   \   000005                ; Auto size: 0
   \   000005   7E00         MOV     R6,#0x0
   \   000007   12....       LCALL   ?Subroutine6 & 0xFFFF
   \                     ??CrossCallReturnLabel_21:
   \   00000A   7075         JNZ     ??HalUARTPollDMA_0
   \   00000C   90....       MOV     DPTR,#(dmaCfg + 256)
   \   00000F   E0           MOVX    A,@DPTR
   \   000010   FA           MOV     R2,A
   \                     ??HalUARTPollDMA_1:
   \   000011   EA           MOV     A,R2
   \   000012   12....       LCALL   ??Subroutine18_0 & 0xFFFF
   \                     ??CrossCallReturnLabel_20:
   \   000015   7010         JNZ     ??HalUARTPollDMA_2
   \   000017   0A           INC     R2
   \   000018   EA           MOV     A,R2
   \   000019   C3           CLR     C
   \   00001A   9480         SUBB    A,#-0x80
   \   00001C   4002         JC      ??HalUARTPollDMA_3
   \   00001E   7A00         MOV     R2,#0x0
   \                     ??HalUARTPollDMA_3:
   \   000020   90....       MOV     DPTR,#(dmaCfg + 256)
   \   000023   E0           MOVX    A,@DPTR
   \   000024   6A           XRL     A,R2
   \   000025   70EA         JNZ     ??HalUARTPollDMA_1
   \                     ??HalUARTPollDMA_2:
   \   000027   90....       MOV     DPTR,#(dmaCfg + 257)
   \   00002A   E0           MOVX    A,@DPTR
   \   00002B   6A           XRL     A,R2
   \   00002C   6015         JZ      ??HalUARTPollDMA_4
   \   00002E   EA           MOV     A,R2
   \   00002F   F0           MOVX    @DPTR,A
   \   000030   90....       MOV     DPTR,#(dmaCfg + 258)
   \   000033   E0           MOVX    A,@DPTR
   \   000034   7006         JNZ     ??HalUARTPollDMA_5
   \   000036   E595         MOV     A,0x95
   \   000038   90....       MOV     DPTR,#(dmaCfg + 259)
   \   00003B   F0           MOVX    @DPTR,A
   \                     ??HalUARTPollDMA_5:
   \   00003C   74C6         MOV     A,#-0x3a
   \   00003E   90....       MOV     DPTR,#(dmaCfg + 258)
   \   000041   8026         SJMP    ??HalUARTPollDMA_6
   \                     ??HalUARTPollDMA_4:
   \   000043   90....       MOV     DPTR,#(dmaCfg + 258)
   \   000046   E0           MOVX    A,@DPTR
   \   000047   6021         JZ      ??HalUARTPollDMA_7
   \   000049   90....       MOV     DPTR,#(dmaCfg + 259)
   \   00004C   E0           MOVX    A,@DPTR
   \   00004D   FA           MOV     R2,A
   \   00004E   E595         MOV     A,0x95
   \   000050   C3           CLR     C
   \   000051   9A           SUBB    A,R2
   \   000052   FA           MOV     R2,A
   \   000053   90....       MOV     DPTR,#(dmaCfg + 258)
   \   000056   E0           MOVX    A,@DPTR
   \   000057   FB           MOV     R3,A
   \   000058   EA           MOV     A,R2
   \   000059   C3           CLR     C
   \   00005A   9B           SUBB    A,R3
   \   00005B   500B         JNC     ??HalUARTPollDMA_8
   \   00005D   E0           MOVX    A,@DPTR
   \   00005E   C3           CLR     C
   \   00005F   9A           SUBB    A,R2
   \   000060   F0           MOVX    @DPTR,A
   \   000061   E595         MOV     A,0x95
   \   000063   90....       MOV     DPTR,#(dmaCfg + 259)
   \   000066   8001         SJMP    ??HalUARTPollDMA_6
   \                     ??HalUARTPollDMA_8:
   \   000068   E4           CLR     A
   \                     ??HalUARTPollDMA_6:
   \   000069   F0           MOVX    @DPTR,A
   \                     ??HalUARTPollDMA_7:
   \   00006A                ; Setup parameters for call to function HalUARTRxAvailDMA
   \   00006A   12....       LCALL   ??HalUARTRxAvailDMA?relay
   \   00006D   8A..         MOV     ?V0 + 0,R2
   \   00006F   8B..         MOV     ?V0 + 1,R3
   \   000071   A8..         MOV     R0,?V0 + 0
   \   000073   A9..         MOV     R1,?V0 + 1
   \   000075   C3           CLR     C
   \   000076   E8           MOV     A,R0
   \   000077   9470         SUBB    A,#0x70
   \   000079   E9           MOV     A,R1
   \   00007A   9400         SUBB    A,#0x0
   \   00007C   400A         JC      ??HalUARTPollDMA_9
   \   00007E   0E           INC     R6
   \   00007F   8024         SJMP    ??HalUARTPollDMA_10
   \                     ??HalUARTPollDMA_0:
   \   000081   E4           CLR     A
   \   000082   90....       MOV     DPTR,#(dmaCfg + 258)
   \   000085   F0           MOVX    @DPTR,A
   \   000086   801D         SJMP    ??HalUARTPollDMA_10
   \                     ??HalUARTPollDMA_9:
   \   000088   C3           CLR     C
   \   000089   E8           MOV     A,R0
   \   00008A   9440         SUBB    A,#0x40
   \   00008C   E9           MOV     A,R1
   \   00008D   9400         SUBB    A,#0x0
   \   00008F   4006         JC      ??HalUARTPollDMA_11
   \   000091   0E           INC     R6
   \   000092   0E           INC     R6
   \   000093   D285         SETB    0x80.5
   \   000095   800E         SJMP    ??HalUARTPollDMA_10
   \                     ??HalUARTPollDMA_11:
   \   000097   E8           MOV     A,R0
   \   000098   7001         JNZ     ??HalUARTPollDMA_12
   \   00009A   E9           MOV     A,R1
   \                     ??HalUARTPollDMA_12:
   \   00009B   6008         JZ      ??HalUARTPollDMA_10
   \   00009D   90....       MOV     DPTR,#(dmaCfg + 258)
   \   0000A0   E0           MOVX    A,@DPTR
   \   0000A1   7002         JNZ     ??HalUARTPollDMA_10
   \   0000A3   7E04         MOV     R6,#0x4
   \                     ??HalUARTPollDMA_10:
   \   0000A5   90....       MOV     DPTR,#(dmaCfg + 519)
   \   0000A8   E0           MOVX    A,@DPTR
   \   0000A9   6006         JZ      ??HalUARTPollDMA_13
   \   0000AB   E4           CLR     A
   \   0000AC   F0           MOVX    @DPTR,A
   \   0000AD   EE           MOV     A,R6
   \   0000AE   D2E4         SETB    0xE0 /* A   */.4
   \   0000B0   FE           MOV     R6,A
   \                     ??HalUARTPollDMA_13:
   \   0000B1   90....       MOV     DPTR,#(dmaCfg + 522)
   \   0000B4   E0           MOVX    A,@DPTR
   \   0000B5   601D         JZ      ??HalUARTPollDMA_14
   \   0000B7   E595         MOV     A,0x95
   \   0000B9   FB           MOV     R3,A
   \   0000BA   90....       MOV     DPTR,#(dmaCfg + 520)
   \   0000BD   E0           MOVX    A,@DPTR
   \   0000BE   C0E0         PUSH    A
   \   0000C0   90....       MOV     DPTR,#(dmaCfg + 521)
   \   0000C3   E0           MOVX    A,@DPTR
   \   0000C4   FA           MOV     R2,A
   \   0000C5   EB           MOV     A,R3
   \   0000C6   C3           CLR     C
   \   0000C7   9A           SUBB    A,R2
   \   0000C8   FA           MOV     R2,A
   \   0000C9   D0E0         POP     A
   \   0000CB   C3           CLR     C
   \   0000CC   9A           SUBB    A,R2
   \   0000CD   5005         JNC     ??HalUARTPollDMA_14
   \   0000CF   E4           CLR     A
   \   0000D0   90....       MOV     DPTR,#(dmaCfg + 522)
   \   0000D3   F0           MOVX    @DPTR,A
   \                     ??HalUARTPollDMA_14:
   \   0000D4   90....       MOV     DPTR,#(dmaCfg + 523)
   \   0000D7   E0           MOVX    A,@DPTR
   \   0000D8   6058         JZ      ??HalUARTPollDMA_15
   \   0000DA   90....       MOV     DPTR,#(dmaCfg + 522)
   \   0000DD   E0           MOVX    A,@DPTR
   \   0000DE   7052         JNZ     ??HalUARTPollDMA_15
   \   0000E0   E4           CLR     A
   \   0000E1   90....       MOV     DPTR,#(dmaCfg + 523)
   \   0000E4   12....       LCALL   ?Subroutine4 & 0xFFFF
   \                     ??CrossCallReturnLabel_2:
   \   0000E7   12....       LCALL   ?S_SHL
   \   0000EA   E5..         MOV     A,?V0 + 0
   \   0000EC   24..         ADD     A,#((dmaCfg + 4) & 0xff)
   \   0000EE   E5..         MOV     A,?V0 + 1
   \   0000F0   34..         ADDC    A,#(((dmaCfg + 260) >> 8) & 0xff)
   \   0000F2   90....       MOV     DPTR,#(dmaCh1234 + 24)
   \   0000F5   12....       LCALL   ?Subroutine4 & 0xFFFF
   \                     ??CrossCallReturnLabel_3:
   \   0000F8   12....       LCALL   ?S_SHL
   \   0000FB   E5..         MOV     A,?V0 + 0
   \   0000FD   24..         ADD     A,#((dmaCfg + 4) & 0xff)
   \   0000FF   90....       MOV     DPTR,#(dmaCh1234 + 25)
   \   000102   12....       LCALL   ?Subroutine3 & 0xFFFF
   \                     ??CrossCallReturnLabel_0:
   \   000105   90....       MOV     DPTR,#(dmaCh1234 + 29)
   \   000108   F0           MOVX    @DPTR,A
   \   000109   90....       MOV     DPTR,#(dmaCh1234 + 28)
   \   00010C   E0           MOVX    A,@DPTR
   \   00010D   54E0         ANL     A,#0xe0
   \   00010F   F0           MOVX    @DPTR,A
   \   000110   90....       MOV     DPTR,#(dmaCfg + 518)
   \   000113   E0           MOVX    A,@DPTR
   \   000114   E0           MOVX    A,@DPTR
   \   000115   6401         XRL     A,#0x1
   \   000117   F0           MOVX    @DPTR,A
   \   000118   A2AF         MOV     C,0xa8.7
   \   00011A   E4           CLR     A
   \   00011B   92E0         MOV     0xE0 /* A   */.0,C
   \   00011D   FA           MOV     R2,A
   \   00011E   C2AF         CLR     0xa8.7
   \   000120   75D610       MOV     0xd6,#0x10
   \                     ??HalUARTPollDMA_16:
   \   000123   00           NOP
   \   000124   E5D6         MOV     A,0xd6
   \   000126   A2E4         MOV     C,0xE0 /* A   */.4
   \   000128   50F9         JNC     ??HalUARTPollDMA_16
   \   00012A   75D1EF       MOV     0xd1,#-0x11
   \   00012D   75D710       MOV     0xd7,#0x10
   \   000130   8023         SJMP    ??HalUARTPollDMA_17
   \                     ??HalUARTPollDMA_15:
   \   000132   A2AF         MOV     C,0xa8.7
   \   000134   E4           CLR     A
   \   000135   92E0         MOV     0xE0 /* A   */.0,C
   \   000137   FA           MOV     R2,A
   \   000138   C2AF         CLR     0xa8.7
   \   00013A   12....       LCALL   ?Subroutine9 & 0xFFFF
   \                     ??CrossCallReturnLabel_11:
   \   00013D   6016         JZ      ??HalUARTPollDMA_17
   \   00013F   E5D6         MOV     A,0xd6
   \   000141   A2E4         MOV     C,0xE0 /* A   */.4
   \   000143   4010         JC      ??HalUARTPollDMA_17
   \   000145   E5D1         MOV     A,0xd1
   \   000147   A2E4         MOV     C,0xE0 /* A   */.4
   \   000149   400A         JC      ??HalUARTPollDMA_17
   \   00014B   EA           MOV     A,R2
   \   00014C   A2E0         MOV     C,0xE0 /* A   */.0
   \   00014E   92AF         MOV     0xa8.7,C
   \   000150                ; Setup parameters for call to function HalUARTIsrDMA
   \   000150   12....       LCALL   ??HalUARTIsrDMA?relay
   \   000153   8005         SJMP    ??HalUARTPollDMA_18
   \                     ??HalUARTPollDMA_17:
   \   000155   EA           MOV     A,R2
   \   000156   A2E0         MOV     C,0xE0 /* A   */.0
   \   000158   92AF         MOV     0xa8.7,C
   \                     ??HalUARTPollDMA_18:
   \   00015A   EE           MOV     A,R6
   \   00015B   601C         JZ      ??HalUARTPollDMA_19
   \   00015D   90....       MOV     DPTR,#(dmaCfg + 524)
   \   000160   E0           MOVX    A,@DPTR
   \   000161   7002         JNZ     ??HalUARTPollDMA_20
   \   000163   A3           INC     DPTR
   \   000164   E0           MOVX    A,@DPTR
   \                     ??HalUARTPollDMA_20:
   \   000165   6012         JZ      ??HalUARTPollDMA_19
   \   000167                ; Setup parameters for indirect call
   \   000167   EE           MOV     A,R6
   \   000168   FA           MOV     R2,A
   \   000169   7900         MOV     R1,#0x0
   \   00016B   90....       MOV     DPTR,#(dmaCfg + 524)
   \   00016E   E0           MOVX    A,@DPTR
   \   00016F   F8           MOV     R0,A
   \   000170   A3           INC     DPTR
   \   000171   E0           MOVX    A,@DPTR
   \   000172   F583         MOV     DPH,A
   \   000174   8882         MOV     DPL,R0
   \   000176   12....       LCALL   ?CALL_IND
   \                     ??HalUARTPollDMA_19:
   \   000179   02....       LJMP    ?Subroutine1 & 0xFFFF
   \   00017C                REQUIRE _A_IEN0
   \   00017C                REQUIRE U0BAUD
   \   00017C                REQUIRE DMAIRQ
   \   00017C                REQUIRE DMAARM
   \   00017C                REQUIRE DMAREQ
   \   00017C                REQUIRE _A_P0
   \   00017C                REQUIRE ST0

   \                                 In  segment BANKED_CODE, align 1, keep-with-next
   \                     ?Subroutine4:
   \   000000   F0           MOVX    @DPTR,A
   \   000001   90....       MOV     DPTR,#(dmaCfg + 518)
   \   000004   E0           MOVX    A,@DPTR
   \   000005   F5..         MOV     ?V0 + 0,A
   \   000007   75..00       MOV     ?V0 + 1,#0x0
   \   00000A   7407         MOV     A,#0x7
   \   00000C   78..         MOV     R0,#?V0 + 0
   \   00000E   22           RET

   \                                 In  segment BANKED_CODE, align 1, keep-with-next
   \                     ?Subroutine6:
   \   000000   90....       MOV     DPTR,#(dmaCfg + 256)
   \   000003   E0           MOVX    A,@DPTR
   \   000004                REQUIRE ??Subroutine18_0
   \   000004                ; // Fall through to label ??Subroutine18_0

   \                                 In  segment BANKED_CODE, align 1, keep-with-next
   \                     ??Subroutine18_0:
   \   000000   C3           CLR     C
   \   000001   33           RLC     A
   \   000002   F8           MOV     R0,A
   \   000003   E4           CLR     A
   \   000004   33           RLC     A
   \   000005   F9           MOV     R1,A
   \   000006   E8           MOV     A,R0
   \   000007   24..         ADD     A,#(dmaCfg & 0xff)
   \   000009   F582         MOV     DPL,A
   \   00000B   E9           MOV     A,R1
   \   00000C   12....       LCALL   ?Subroutine16 & 0xFFFF
   \                     ??CrossCallReturnLabel_24:
   \   00000F   22           RET

   \                                 In  segment BANKED_CODE, align 1, keep-with-next
   \                     ?Subroutine16:
   \   000000   34..         ADDC    A,#((dmaCfg >> 8) & 0xff)
   \   000002   F583         MOV     DPH,A
   \   000004   A3           INC     DPTR
   \   000005   E0           MOVX    A,@DPTR
   \   000006   65C2         XRL     A,0xc2
   \   000008   22           RET

   \                                 In  segment BANKED_CODE, align 1, keep-with-next
   \                     ?Subroutine3:
   \   000000   F0           MOVX    @DPTR,A
   \   000001   12....       LCALL   ?Subroutine13 & 0xFFFF
   \                     ??CrossCallReturnLabel_16:
   \   000004   22           RET

   \                                 In  segment BANKED_CODE, align 1, keep-with-next
   \   static __banked_func __xdata_reentrant uint16 HalUARTRxAvailDMA(void)
   \                     HalUARTRxAvailDMA:
   \   000000   C082         PUSH    DPL
   \   000002   C083         PUSH    DPH
   \   000004                ; Saved register size: 2
   \   000004                ; Auto size: 0
   \   000004   7A00         MOV     R2,#0x0
   \   000006   7B00         MOV     R3,#0x0
   \   000008   12....       LCALL   ?Subroutine6 & 0xFFFF
   \                     ??CrossCallReturnLabel_22:
   \   00000B   7033         JNZ     ??HalUARTRxAvailDMA_0
   \   00000D   7800         MOV     R0,#0x0
   \   00000F   7900         MOV     R1,#0x0
   \                     ??HalUARTRxAvailDMA_1:
   \   000011   E8           MOV     A,R0
   \   000012   FC           MOV     R4,A
   \   000013   E9           MOV     A,R1
   \   000014   FD           MOV     R5,A
   \   000015   EC           MOV     A,R4
   \   000016   C3           CLR     C
   \   000017   33           RLC     A
   \   000018   FC           MOV     R4,A
   \   000019   ED           MOV     A,R5
   \   00001A   33           RLC     A
   \   00001B   FD           MOV     R5,A
   \   00001C   EC           MOV     A,R4
   \   00001D   24..         ADD     A,#(dmaCfg & 0xff)
   \   00001F   F582         MOV     DPL,A
   \   000021   ED           MOV     A,R5
   \   000022   12....       LCALL   ?Subroutine16 & 0xFFFF
   \                     ??CrossCallReturnLabel_23:
   \   000025   7008         JNZ     ??HalUARTRxAvailDMA_2
   \   000027   EA           MOV     A,R2
   \   000028   2401         ADD     A,#0x1
   \   00002A   0A           INC     R2
   \   00002B   EB           MOV     A,R3
   \   00002C   3400         ADDC    A,#0x0
   \   00002E   FB           MOV     R3,A
   \                     ??HalUARTRxAvailDMA_2:
   \   00002F   E8           MOV     A,R0
   \   000030   2401         ADD     A,#0x1
   \   000032   08           INC     R0
   \   000033   E9           MOV     A,R1
   \   000034   3400         ADDC    A,#0x0
   \   000036   F9           MOV     R1,A
   \   000037   C3           CLR     C
   \   000038   E8           MOV     A,R0
   \   000039   9480         SUBB    A,#-0x80
   \   00003B   E9           MOV     A,R1
   \   00003C   9400         SUBB    A,#0x0
   \   00003E   40D1         JC      ??HalUARTRxAvailDMA_1
   \                     ??HalUARTRxAvailDMA_0:
   \   000040   80..         SJMP    ??Subroutine20_0
   \   000042                REQUIRE U0BAUD

   \                                 In  segment BANKED_CODE, align 1, keep-with-next
   \   __banked_func __xdata_reentrant void HalUARTIsrDMA(void)
   \                     HalUARTIsrDMA:
   \   000000   C082         PUSH    DPL
   \   000002   C083         PUSH    DPH
   \   000004                ; Saved register size: 2
   \   000004                ; Auto size: 0
   \   000004   75D1EF       MOV     0xd1,#-0x11
   \   000007   90....       MOV     DPTR,#(dmaCfg + 518)
   \   00000A   E0           MOVX    A,@DPTR
   \   00000B   F8           MOV     R0,A
   \   00000C   12....       LCALL   ?Subroutine11 & 0xFFFF
   \                     ??CrossCallReturnLabel_27:
   \   00000F   E4           CLR     A
   \   000010   F0           MOVX    @DPTR,A
   \   000011   7401         MOV     A,#0x1
   \   000013   90....       MOV     DPTR,#(dmaCfg + 519)
   \   000016   F0           MOVX    @DPTR,A
   \   000017   E595         MOV     A,0x95
   \   000019   90....       MOV     DPTR,#(dmaCfg + 521)
   \   00001C   F0           MOVX    @DPTR,A
   \   00001D   7401         MOV     A,#0x1
   \   00001F   90....       MOV     DPTR,#(dmaCfg + 522)
   \   000022   12....       LCALL   ?Subroutine3 & 0xFFFF
   \                     ??CrossCallReturnLabel_1:
   \   000025   6006         JZ      ??HalUARTIsrDMA_0
   \   000027   7401         MOV     A,#0x1
   \   000029   90....       MOV     DPTR,#(dmaCfg + 523)
   \   00002C   F0           MOVX    @DPTR,A
   \                     ??HalUARTIsrDMA_0:
   \   00002D   80..         SJMP    ??Subroutine20_0
   \   00002F                REQUIRE DMAIRQ
   \   00002F                REQUIRE ST0
     80          #endif
     81          #if HAL_UART_ISR
     82          #include "_hal_uart_isr.c"
     83          #endif
     84          #if HAL_UART_USB
     85          #include "_hal_uart_usb.c"
     86          #endif
     87          
     88          /******************************************************************************
     89           * @fn      HalUARTInit
     90           *
     91           * @brief   Initialize the UART
     92           *
     93           * @param   none
     94           *
     95           * @return  none
     96           *****************************************************************************/

   \                                 In  segment BANKED_CODE, align 1, keep-with-next
     97          void HalUARTInit(void)
   \                     HalUARTInit:
     98          {
   \   000000   C082         PUSH    DPL
   \   000002   C083         PUSH    DPH
   \   000004                ; Saved register size: 2
   \   000004                ; Auto size: 0
     99          #if HAL_UART_DMA
    100            HalUARTInitDMA();
   \   000004                ; Setup parameters for call to function HalUARTInitDMA
   \   000004   12....       LCALL   ??HalUARTInitDMA?relay
    101          #endif
    102          #if HAL_UART_ISR
    103            HalUARTInitISR();
    104          #endif
    105          #if HAL_UART_USB
    106            HalUARTInitUSB();
    107          #endif
    108          }
   \   000007   80..         SJMP    ??Subroutine20_0
    109          
    110          /******************************************************************************
    111           * @fn      HalUARTOpen
    112           *
    113           * @brief   Open a port according tp the configuration specified by parameter.
    114           *
    115           * @param   port   - UART port
    116           *          config - contains configuration information
    117           *
    118           * @return  Status of the function call
    119           *****************************************************************************/

   \                                 In  segment BANKED_CODE, align 1, keep-with-next
    120          uint8 HalUARTOpen(uint8 port, halUARTCfg_t *config)
   \                     HalUARTOpen:
    121          {
   \   000000   74F7         MOV     A,#-0x9
   \   000002   12....       LCALL   ?BANKED_ENTER_XDATA
   \   000005                ; Saved register size: 9
   \   000005                ; Auto size: 0
   \   000005   E9           MOV     A,R1
    122            (void)port;
    123            (void)config;
    124          
    125          #if (HAL_UART_DMA == 1)
    126            if (port == HAL_UART_PORT_0)  HalUARTOpenDMA(config);
   \   000006   7003         JNZ     ??HalUARTOpen_0
   \   000008                ; Setup parameters for call to function HalUARTOpenDMA
   \   000008   12....       LCALL   ??HalUARTOpenDMA?relay
    127          #endif
    128          #if (HAL_UART_DMA == 2)
    129            if (port == HAL_UART_PORT_1)  HalUARTOpenDMA(config);
    130          #endif
    131          #if (HAL_UART_ISR == 1)
    132            if (port == HAL_UART_PORT_0)  HalUARTOpenISR(config);
    133          #endif
    134          #if (HAL_UART_ISR == 2)
    135            if (port == HAL_UART_PORT_1)  HalUARTOpenISR(config);
    136          #endif
    137          #if (HAL_UART_USB)
    138            HalUARTOpenUSB(config);
    139          #endif
    140            
    141            return HAL_UART_SUCCESS;
   \                     ??HalUARTOpen_0:
   \   00000B   7900         MOV     R1,#0x0
   \   00000D   80..         SJMP    ?Subroutine2
    142          }

   \                                 In  segment BANKED_CODE, align 1, keep-with-next
   \                     ?Subroutine2:
   \   000000   7F01         MOV     R7,#0x1
   \   000002   02....       LJMP    ?BANKED_LEAVE_XDATA
    143          
    144          /*****************************************************************************
    145           * @fn      HalUARTRead
    146           *
    147           * @brief   Read a buffer from the UART
    148           *
    149           * @param   port - USART module designation
    150           *          buf  - valid data buffer at least 'len' bytes in size
    151           *          len  - max length number of bytes to copy to 'buf'
    152           *
    153           * @return  length of buffer that was read
    154           *****************************************************************************/

   \                                 In  segment BANKED_CODE, align 1, keep-with-next
    155          uint16 HalUARTRead(uint8 port, uint8 *buf, uint16 len)
   \                     HalUARTRead:
    156          {
   \   000000   74F7         MOV     A,#-0x9
   \   000002   12....       LCALL   ?BANKED_ENTER_XDATA
   \   000005                ; Saved register size: 9
   \   000005                ; Auto size: 0
   \   000005   E9           MOV     A,R1
    157            (void)port;
    158            (void)buf;
    159            (void)len;
    160          
    161          #if (HAL_UART_DMA == 1)
    162            if (port == HAL_UART_PORT_0)  return HalUARTReadDMA(buf, len);
   \   000006   7005         JNZ     ??HalUARTRead_0
   \   000008                ; Setup parameters for call to function HalUARTReadDMA
   \   000008   12....       LCALL   ??HalUARTReadDMA?relay
   \   00000B   8004         SJMP    ??HalUARTRead_1
    163          #endif
    164          #if (HAL_UART_DMA == 2)
    165            if (port == HAL_UART_PORT_1)  return HalUARTReadDMA(buf, len);
    166          #endif
    167          #if (HAL_UART_ISR == 1)
    168            if (port == HAL_UART_PORT_0)  return HalUARTReadISR(buf, len);
    169          #endif
    170          #if (HAL_UART_ISR == 2)
    171            if (port == HAL_UART_PORT_1)  return HalUARTReadISR(buf, len);
    172          #endif
    173          
    174          #if HAL_UART_USB
    175            return HalUARTRx(buf, len);
    176          #else
    177            return 0;
   \                     ??HalUARTRead_0:
   \   00000D   7A00         MOV     R2,#0x0
   \   00000F   7B00         MOV     R3,#0x0
   \                     ??HalUARTRead_1:
   \   000011   80..         SJMP    ?Subroutine2
    178          #endif
    179          }
    180          
    181          /******************************************************************************
    182           * @fn      HalUARTWrite
    183           *
    184           * @brief   Write a buffer to the UART.
    185           *
    186           * @param   port - UART port
    187           *          buf  - pointer to the buffer that will be written, not freed
    188           *          len  - length of
    189           *
    190           * @return  length of the buffer that was sent
    191           *****************************************************************************/

   \                                 In  segment BANKED_CODE, align 1, keep-with-next
    192          uint16 HalUARTWrite(uint8 port, uint8 *buf, uint16 len)
   \                     HalUARTWrite:
    193          {
   \   000000   74F7         MOV     A,#-0x9
   \   000002   12....       LCALL   ?BANKED_ENTER_XDATA
   \   000005                ; Saved register size: 9
   \   000005                ; Auto size: 0
   \   000005   E9           MOV     A,R1
    194            (void)port;
    195            (void)buf;
    196            (void)len;
    197          
    198          #if (HAL_UART_DMA == 1)
    199            if (port == HAL_UART_PORT_0)  return HalUARTWriteDMA(buf, len);
   \   000006   7005         JNZ     ??HalUARTWrite_0
   \   000008                ; Setup parameters for call to function HalUARTWriteDMA
   \   000008   12....       LCALL   ??HalUARTWriteDMA?relay
   \   00000B   8004         SJMP    ??HalUARTWrite_1
    200          #endif
    201          #if (HAL_UART_DMA == 2)
    202            if (port == HAL_UART_PORT_1)  return HalUARTWriteDMA(buf, len);
    203          #endif
    204          #if (HAL_UART_ISR == 1)
    205            if (port == HAL_UART_PORT_0)  return HalUARTWriteISR(buf, len);
    206          #endif
    207          #if (HAL_UART_ISR == 2)
    208            if (port == HAL_UART_PORT_1)  return HalUARTWriteISR(buf, len);
    209          #endif
    210          
    211          #if HAL_UART_USB
    212            HalUARTTx(buf, len);
    213            return len;
    214          #else
    215            return 0;
   \                     ??HalUARTWrite_0:
   \   00000D   7A00         MOV     R2,#0x0
   \   00000F   7B00         MOV     R3,#0x0
   \                     ??HalUARTWrite_1:
   \   000011                REQUIRE ?Subroutine2
   \   000011                ; // Fall through to label ?Subroutine2
    216          #endif
    217          }
    218          
    219          /******************************************************************************
    220           * @fn      HalUARTSuspend
    221           *
    222           * @brief   Suspend UART hardware before entering PM mode 1, 2 or 3.
    223           *
    224           * @param   None
    225           *
    226           * @return  None
    227           *****************************************************************************/

   \                                 In  segment BANKED_CODE, align 1, keep-with-next
    228          void HalUARTSuspend( void )
   \                     HalUARTSuspend:
    229          {
   \   000000                ; Saved register size: 0
   \   000000                ; Auto size: 0
    230          #if HAL_UART_DMA
    231            HalUARTSuspendDMA();
   \   000000   D285         SETB    0x80.5
   \   000002   5386BF       ANL     0x86,#0xbf
   \   000005   43AB10       ORL     0xab,#0x10
    232          #endif
    233          #if HAL_UART_ISR
    234            HalUARTSuspendISR();
    235          #endif
    236          }
   \   000008   02....       LJMP    ?BRET
   \   00000B                REQUIRE P0IEN
   \   00000B                REQUIRE _A_P0
   \   00000B                REQUIRE U0CSR
    237          
    238          /******************************************************************************
    239           * @fn      HalUARTResume
    240           *
    241           * @brief   Resume UART hardware after exiting PM mode 1, 2 or 3.
    242           *
    243           * @param   None
    244           *
    245           * @return  None
    246           *****************************************************************************/

   \                                 In  segment BANKED_CODE, align 1, keep-with-next
    247          void HalUARTResume( void )
   \                     HalUARTResume:
    248          {
   \   000000                ; Saved register size: 0
   \   000000                ; Auto size: 0
    249          #if HAL_UART_DMA
    250            HalUARTResumeDMA();
   \   000000   53ABEF       ANL     0xab,#0xef
   \   000003   43C480       ORL     0xc4,#0x80
   \   000006   438640       ORL     0x86,#0x40
   \   000009   C285         CLR     0x80.5
    251          #endif
    252          #if HAL_UART_ISR
    253            HalUARTResumeISR();
    254          #endif
    255          }
   \   00000B   02....       LJMP    ?BRET
   \   00000E                REQUIRE P0IEN
   \   00000E                REQUIRE U0UCR
   \   00000E                REQUIRE _A_P0
   \   00000E                REQUIRE U0CSR
    256          
    257          /***************************************************************************************************
    258           * @fn      HalUARTPoll
    259           *
    260           * @brief   Poll the UART.
    261           *
    262           * @param   none
    263           *
    264           * @return  none
    265           *****************************************************************************/

   \                                 In  segment BANKED_CODE, align 1, keep-with-next
    266          void HalUARTPoll(void)
   \                     HalUARTPoll:
    267          {
   \   000000   C082         PUSH    DPL
   \   000002   C083         PUSH    DPH
   \   000004                ; Saved register size: 2
   \   000004                ; Auto size: 0
    268          #if HAL_UART_DMA
    269            HalUARTPollDMA();
   \   000004                ; Setup parameters for call to function HalUARTPollDMA
   \   000004   12....       LCALL   ??HalUARTPollDMA?relay
    270          #endif
    271          #if HAL_UART_ISR
    272            HalUARTPollISR();
    273          #endif
    274          #if HAL_UART_USB
    275            HalUARTPollUSB();
    276          #endif
    277          }
   \   000007   80..         SJMP    ??Subroutine20_0
    278          
    279          /**************************************************************************************************
    280           * @fn      Hal_UART_RxBufLen()
    281           *
    282           * @brief   Calculate Rx Buffer length - the number of bytes in the buffer.
    283           *
    284           * @param   port - UART port
    285           *
    286           * @return  length of current Rx Buffer
    287           **************************************************************************************************/

   \                                 In  segment BANKED_CODE, align 1, keep-with-next
    288          uint16 Hal_UART_RxBufLen( uint8 port )
   \                     Hal_UART_RxBufLen:
    289          {
   \   000000   74F7         MOV     A,#-0x9
   \   000002   12....       LCALL   ?BANKED_ENTER_XDATA
   \   000005                ; Saved register size: 9
   \   000005                ; Auto size: 0
   \   000005   E9           MOV     A,R1
    290            (void)port;
    291          
    292          #if (HAL_UART_DMA == 1)
    293            if (port == HAL_UART_PORT_0)  return HalUARTRxAvailDMA();
   \   000006   7005         JNZ     ??Hal_UART_RxBufLen_0
   \   000008                ; Setup parameters for call to function HalUARTRxAvailDMA
   \   000008   12....       LCALL   ??HalUARTRxAvailDMA?relay
   \   00000B   8004         SJMP    ??Hal_UART_RxBufLen_1
    294          #endif
    295          #if (HAL_UART_DMA == 2)
    296            if (port == HAL_UART_PORT_1)  return HalUARTRxAvailDMA();
    297          #endif
    298          #if (HAL_UART_ISR == 1)
    299            if (port == HAL_UART_PORT_0)  return HalUARTRxAvailISR();
    300          #endif
    301          #if (HAL_UART_ISR == 2)
    302            if (port == HAL_UART_PORT_1)  return HalUARTRxAvailISR();
    303          #endif
    304          #if HAL_UART_USB
    305            return HalUARTRxAvailUSB();
    306          #else
    307            return 0;
   \                     ??Hal_UART_RxBufLen_0:
   \   00000D   7A00         MOV     R2,#0x0
   \   00000F   7B00         MOV     R3,#0x0
   \                     ??Hal_UART_RxBufLen_1:
   \   000011   80..         SJMP    ?Subroutine2
    308          #endif
    309          }

   \                                 In  segment BANK_RELAYS, align 1
   \                     ??HalUARTInitDMA?relay:
   \   000000   12....       LCALL   ?BDISPATCH
   \   000003   ......       DC24    HalUARTInitDMA

   \                                 In  segment BANK_RELAYS, align 1
   \                     ??HalUARTOpenDMA?relay:
   \   000000   12....       LCALL   ?BDISPATCH
   \   000003   ......       DC24    HalUARTOpenDMA

   \                                 In  segment BANK_RELAYS, align 1
   \                     ??HalUARTReadDMA?relay:
   \   000000   12....       LCALL   ?BDISPATCH
   \   000003   ......       DC24    HalUARTReadDMA

   \                                 In  segment BANK_RELAYS, align 1
   \                     ??HalUARTWriteDMA?relay:
   \   000000   12....       LCALL   ?BDISPATCH
   \   000003   ......       DC24    HalUARTWriteDMA

   \                                 In  segment BANK_RELAYS, align 1
   \                     ??HalUARTPollDMA?relay:
   \   000000   12....       LCALL   ?BDISPATCH
   \   000003   ......       DC24    HalUARTPollDMA

   \                                 In  segment BANK_RELAYS, align 1
   \                     ??HalUARTRxAvailDMA?relay:
   \   000000   12....       LCALL   ?BDISPATCH
   \   000003   ......       DC24    HalUARTRxAvailDMA

   \                                 In  segment BANK_RELAYS, align 1
   \                     ??HalUARTIsrDMA?relay:
   \   000000   12....       LCALL   ?BDISPATCH
   \   000003   ......       DC24    HalUARTIsrDMA

   \                                 In  segment BANK_RELAYS, align 1
   \                     ??HalUARTInit?relay:
   \   000000   12....       LCALL   ?BDISPATCH
   \   000003   ......       DC24    HalUARTInit

   \                                 In  segment BANK_RELAYS, align 1
   \                     ??HalUARTOpen?relay:
   \   000000   12....       LCALL   ?BDISPATCH
   \   000003   ......       DC24    HalUARTOpen

   \                                 In  segment BANK_RELAYS, align 1
   \                     ??HalUARTRead?relay:
   \   000000   12....       LCALL   ?BDISPATCH
   \   000003   ......       DC24    HalUARTRead

   \                                 In  segment BANK_RELAYS, align 1
   \                     ??HalUARTWrite?relay:
   \   000000   12....       LCALL   ?BDISPATCH
   \   000003   ......       DC24    HalUARTWrite

   \                                 In  segment BANK_RELAYS, align 1
   \                     ??HalUARTSuspend?relay:
   \   000000   12....       LCALL   ?BDISPATCH
   \   000003   ......       DC24    HalUARTSuspend

   \                                 In  segment BANK_RELAYS, align 1
   \                     ??HalUARTResume?relay:
   \   000000   12....       LCALL   ?BDISPATCH
   \   000003   ......       DC24    HalUARTResume

   \                                 In  segment BANK_RELAYS, align 1
   \                     ??HalUARTPoll?relay:
   \   000000   12....       LCALL   ?BDISPATCH
   \   000003   ......       DC24    HalUARTPoll

   \                                 In  segment BANK_RELAYS, align 1
   \                     ??Hal_UART_RxBufLen?relay:
   \   000000   12....       LCALL   ?BDISPATCH
   \   000003   ......       DC24    Hal_UART_RxBufLen
    310          
    311          /*
    312          __near_func putchar(int c)
    313          { 
    314               if(c== '\n'){
    315          	    U0DBUF = '\r';  
    316                  while(!UTX0IF); 
    317                  UTX0IF = 0; 
    318                  
    319               }
    320          	 U0DBUF = c; 
    321               while(!UTX0IF); 
    322               UTX0IF = 0; 
    323                 
    324               return c; 
    325          } 
    326          */
    327          /******************************************************************************
    328          ******************************************************************************/

   Maximum stack usage in bytes:

     Function               ISTACK PSTACK XSTACK
     --------               ------ ------ ------
     HalUARTInit                2      0      0
       -> HalUARTInitDMA        4      0      0
     HalUARTInitDMA             2      0      0
     HalUARTIsrDMA              3      0     10
     HalUARTOpen                0      0      9
       -> HalUARTOpenDMA        0      0     18
     HalUARTOpenDMA             2      0      9
       -> osal_memset           4      0      0
     HalUARTPoll                2      0      0
       -> HalUARTPollDMA        4      0      0
     HalUARTPollDMA             1      0     10
       -> HalUARTRxAvailDMA     0      0     20
       -> HalUARTIsrDMA         0      0     20
     HalUARTRead                0      0      9
       -> HalUARTReadDMA        0      0     18
     HalUARTReadDMA             1      0     19
     HalUARTResume              0      0      0
     HalUARTRxAvailDMA          2      0     10
     HalUARTSuspend             0      0      0
     HalUARTWrite               0      0      9
       -> HalUARTWriteDMA       0      0     18
     HalUARTWriteDMA            1      0     23
     Hal_UART_RxBufLen          0      0      9
       -> HalUARTRxAvailDMA     0      0     18


   Segment part sizes:

     Function/Label            Bytes
     --------------            -----
     _A_P0                        1
     U0CSR                        1
     ST0                          1
     _A_IEN0                      1
     P0IEN                        1
     U0BAUD                       1
     U0UCR                        1
     U0GCR                        1
     DMAIRQ                       1
     DMAARM                       1
     DMAREQ                       1
     PERCFG                       1
     ADCCFG                       1
     P0SEL                        1
     P0DIR                        1
     P2DIR                        1
     dmaCfg                     526
     HalUARTInitDMA             127
     ?Subroutine0                 1
     ??Subroutine20_0             7
     HalUARTOpenDMA             184
     HalUARTReadDMA              86
     ?Subroutine1                 5
     ?Subroutine7                14
     ?Subroutine14               11
     HalUARTWriteDMA            197
     ?Subroutine12               10
     ?Subroutine10               23
     ?Subroutine8                10
     ?Subroutine5                12
     ?Subroutine9                 4
     ?Subroutine11                3
     ??Subroutine19_0             4
     ?Subroutine15                4
     ?Subroutine17               10
     ?Subroutine13                9
     HalUARTPollDMA             380
     ?Subroutine4                15
     ?Subroutine6                 4
     ??Subroutine18_0            16
     ?Subroutine16                9
     ?Subroutine3                 5
     HalUARTRxAvailDMA           66
     HalUARTIsrDMA               47
     HalUARTInit                  9
     HalUARTOpen                 15
     ?Subroutine2                 5
     HalUARTRead                 19
     HalUARTWrite                17
     HalUARTSuspend              11
     HalUARTResume               14
     HalUARTPoll                  9
     Hal_UART_RxBufLen           19
     ??HalUARTInitDMA?relay       6
     ??HalUARTOpenDMA?relay       6
     ??HalUARTReadDMA?relay       6
     ??HalUARTWriteDMA?relay      6
     ??HalUARTPollDMA?relay       6
     ??HalUARTRxAvailDMA?relay    6
     ??HalUARTIsrDMA?relay        6
     ??HalUARTInit?relay          6
     ??HalUARTOpen?relay          6
     ??HalUARTRead?relay          6
     ??HalUARTWrite?relay         6
     ??HalUARTSuspend?relay       6
     ??HalUARTResume?relay        6
     ??HalUARTPoll?relay          6
     ??Hal_UART_RxBufLen?relay    6

 
 1 381 bytes in segment BANKED_CODE
    90 bytes in segment BANK_RELAYS
    16 bytes in segment SFR_AN
   526 bytes in segment XDATA_Z
 
 1 471 bytes of CODE  memory
     0 bytes of DATA  memory (+ 16 bytes shared)
   526 bytes of XDATA memory

Errors: none
Warnings: none
