###############################################################################
#                                                                             #
# IAR C/C++ Compiler V7.60.1.40026 for 8051             09/Apr/2014  08:08:54 #
# Copyright (C) 2004-2010 IAR Systems AB.                                     #
#                                                                             #
#    Core               =  plain                                              #
#    Code model         =  banked                                             #
#    Data model         =  large                                              #
#    Calling convention =  xdata reentrant                                    #
#    Constant location  =  data_rom                                           #
#    Dptr setup         =  1,16                                               #
#    Source file        =  D:\zigbee\projects\zstack-cc2530-coordinator\Compo #
#                          nents\mt\MT_UART.c                                 #
#    Command line       =  -f D:\zigbee\projects\zstack-cc2530-coordinator\Pr #
#                          ojects\zstack\Samples\GenericApp\CC2530DB\..\..\.. #
#                          \Tools\CC2530DB\f8wCoord.cfg (-DCPU32MHZ           #
#                          -DROOT=__near_func -DMAC_CFG_APP_PENDING_QUEUE=TRU #
#                          E -DMAC_CFG_TX_DATA_MAX=5 -DMAC_CFG_TX_MAX=8       #
#                          -DMAC_CFG_RX_MAX=5 -DZDO_COORDINATOR -DRTR_NWK)    #
#                          -f D:\zigbee\projects\zstack-cc2530-coordinator\Pr #
#                          ojects\zstack\Samples\GenericApp\CC2530DB\..\..\.. #
#                          \Tools\CC2530DB\f8wConfig.cfg (-DZIGBEEPRO         #
#                          -DSECURE=0 -DZG_SECURE_DYNAMIC=0 -DREFLECTOR       #
#                          -DDEFAULT_CHANLIST=0x00000800                      #
#                          -DZDAPP_CONFIG_PAN_ID=0x1111                       #
#                          -DNWK_START_DELAY=100 -DEXTENDED_JOINING_RANDOM_MA #
#                          SK=0x007F -DBEACON_REQUEST_DELAY=100               #
#                          -DBEACON_REQ_DELAY_MASK=0x00FF                     #
#                          -DLINK_STATUS_JITTER_MASK=0x007F                   #
#                          -DROUTE_EXPIRY_TIME=30 -DAPSC_ACK_WAIT_DURATION_PO #
#                          LLED=3000 -DNWK_INDIRECT_MSG_TIMEOUT=7             #
#                          -DMAX_RREQ_ENTRIES=8 -DAPSC_MAX_FRAME_RETRIES=3    #
#                          -DNWK_MAX_DATA_RETRIES=2                           #
#                          -DMAX_POLL_FAILURE_RETRIES=2 -DMAX_BCAST=9         #
#                          -DAPS_MAX_GROUPS=16 -DMAX_RTG_ENTRIES=40           #
#                          -DNWK_MAX_BINDING_ENTRIES=4                        #
#                          -DMAX_BINDING_CLUSTER_IDS=4 "-DDEFAULT_KEY={0x01,  #
#                          0x03, 0x05, 0x07, 0x09, 0x0B, 0x0D, 0x0F, 0x00,    #
#                          0x02, 0x04, 0x06, 0x08, 0x0A, 0x0C, 0x0D}"         #
#                          -DMAC_MAX_FRAME_SIZE=116                           #
#                          -DZDNWKMGR_MIN_TRANSMISSIONS=20 "-DCONST=const     #
#                          __code" -DGENERIC=__generic                        #
#                          -DRFD_RCVC_ALWAYS_ON=FALSE -DPOLL_RATE=1000        #
#                          -DQUEUED_POLL_RATE=100 -DRESPONSE_POLL_RATE=100)   #
#                          -DREJOIN_POLL_RATE=440 D:\zigbee\projects\zstack-c #
#                          c2530-coordinator\Components\mt\MT_UART.c -D       #
#                          ZAPP_P1 -D MT_TASK -D MT_SYS_FUNC -D MT_ZDO_FUNC   #
#                          -D LCD_SUPPORTED=DEBUG -lC                         #
#                          D:\zigbee\projects\zstack-cc2530-coordinator\Proje #
#                          cts\zstack\Samples\GenericApp\CC2530DB\Coordinator #
#                          EB\List\ -lA D:\zigbee\projects\zstack-cc2530-coor #
#                          dinator\Projects\zstack\Samples\GenericApp\CC2530D #
#                          B\CoordinatorEB\List\ --diag_suppress Pe001,Pa010  #
#                          -o D:\zigbee\projects\zstack-cc2530-coordinator\Pr #
#                          ojects\zstack\Samples\GenericApp\CC2530DB\Coordina #
#                          torEB\Obj\ -e --require_prototypes                 #
#                          --no_code_motion --debug --core=plain --dptr=16,1  #
#                          --data_model=large --code_model=banked             #
#                          --calling_convention=xdata_reentrant               #
#                          --place_constants=data_rom --nr_virtual_regs 16    #
#                          -I D:\zigbee\projects\zstack-cc2530-coordinator\Pr #
#                          ojects\zstack\Samples\GenericApp\CC2530DB\ -I      #
#                          D:\zigbee\projects\zstack-cc2530-coordinator\Proje #
#                          cts\zstack\Samples\GenericApp\CC2530DB\..\Source\  #
#                          -I D:\zigbee\projects\zstack-cc2530-coordinator\Pr #
#                          ojects\zstack\Samples\GenericApp\CC2530DB\..\..\.. #
#                          \ZMain\TI2530DB\ -I D:\zigbee\projects\zstack-cc25 #
#                          30-coordinator\Projects\zstack\Samples\GenericApp\ #
#                          CC2530DB\..\..\..\..\..\Components\hal\include\    #
#                          -I D:\zigbee\projects\zstack-cc2530-coordinator\Pr #
#                          ojects\zstack\Samples\GenericApp\CC2530DB\..\..\.. #
#                          \..\..\Components\hal\target\CC2530EB\ -I          #
#                          D:\zigbee\projects\zstack-cc2530-coordinator\Proje #
#                          cts\zstack\Samples\GenericApp\CC2530DB\..\..\..\.. #
#                          \..\Components\mac\include\ -I                     #
#                          D:\zigbee\projects\zstack-cc2530-coordinator\Proje #
#                          cts\zstack\Samples\GenericApp\CC2530DB\..\..\..\.. #
#                          \..\Components\mac\high_level\ -I                  #
#                          D:\zigbee\projects\zstack-cc2530-coordinator\Proje #
#                          cts\zstack\Samples\GenericApp\CC2530DB\..\..\..\.. #
#                          \..\Components\mac\low_level\srf04\ -I             #
#                          D:\zigbee\projects\zstack-cc2530-coordinator\Proje #
#                          cts\zstack\Samples\GenericApp\CC2530DB\..\..\..\.. #
#                          \..\Components\mac\low_level\srf04\single_chip\    #
#                          -I D:\zigbee\projects\zstack-cc2530-coordinator\Pr #
#                          ojects\zstack\Samples\GenericApp\CC2530DB\..\..\.. #
#                          \..\..\Components\mt\ -I                           #
#                          D:\zigbee\projects\zstack-cc2530-coordinator\Proje #
#                          cts\zstack\Samples\GenericApp\CC2530DB\..\..\..\.. #
#                          \..\Components\osal\include\ -I                    #
#                          D:\zigbee\projects\zstack-cc2530-coordinator\Proje #
#                          cts\zstack\Samples\GenericApp\CC2530DB\..\..\..\.. #
#                          \..\Components\osal\mcu\ccsoc\ -I                  #
#                          D:\zigbee\projects\zstack-cc2530-coordinator\Proje #
#                          cts\zstack\Samples\GenericApp\CC2530DB\..\..\..\.. #
#                          \..\Components\services\saddr\ -I                  #
#                          D:\zigbee\projects\zstack-cc2530-coordinator\Proje #
#                          cts\zstack\Samples\GenericApp\CC2530DB\..\..\..\.. #
#                          \..\Components\services\sdata\ -I                  #
#                          D:\zigbee\projects\zstack-cc2530-coordinator\Proje #
#                          cts\zstack\Samples\GenericApp\CC2530DB\..\..\..\.. #
#                          \..\Components\stack\af\ -I                        #
#                          D:\zigbee\projects\zstack-cc2530-coordinator\Proje #
#                          cts\zstack\Samples\GenericApp\CC2530DB\..\..\..\.. #
#                          \..\Components\stack\nwk\ -I                       #
#                          D:\zigbee\projects\zstack-cc2530-coordinator\Proje #
#                          cts\zstack\Samples\GenericApp\CC2530DB\..\..\..\.. #
#                          \..\Components\stack\sapi\ -I                      #
#                          D:\zigbee\projects\zstack-cc2530-coordinator\Proje #
#                          cts\zstack\Samples\GenericApp\CC2530DB\..\..\..\.. #
#                          \..\Components\stack\sec\ -I                       #
#                          D:\zigbee\projects\zstack-cc2530-coordinator\Proje #
#                          cts\zstack\Samples\GenericApp\CC2530DB\..\..\..\.. #
#                          \..\Components\stack\sys\ -I                       #
#                          D:\zigbee\projects\zstack-cc2530-coordinator\Proje #
#                          cts\zstack\Samples\GenericApp\CC2530DB\..\..\..\.. #
#                          \..\Components\stack\zdo\ -I                       #
#                          D:\zigbee\projects\zstack-cc2530-coordinator\Proje #
#                          cts\zstack\Samples\GenericApp\CC2530DB\..\..\..\.. #
#                          \..\Components\zmac\ -I D:\zigbee\projects\zstack- #
#                          cc2530-coordinator\Projects\zstack\Samples\Generic #
#                          App\CC2530DB\..\..\..\..\..\Components\zmac\f8w\   #
#                          -I "C:\Program Files (x86)\IAR Systems\Embedded    #
#                          Workbench 5.4\8051\INC\" -I "C:\Program Files      #
#                          (x86)\IAR Systems\Embedded Workbench               #
#                          5.4\8051\INC\CLIB\" -Ohz                           #
#    List file          =  D:\zigbee\projects\zstack-cc2530-coordinator\Proje #
#                          cts\zstack\Samples\GenericApp\CC2530DB\Coordinator #
#                          EB\List\MT_UART.lst                                #
#    Object file        =  D:\zigbee\projects\zstack-cc2530-coordinator\Proje #
#                          cts\zstack\Samples\GenericApp\CC2530DB\Coordinator #
#                          EB\Obj\MT_UART.r51                                 #
#                                                                             #
#                                                                             #
###############################################################################

D:\zigbee\projects\zstack-cc2530-coordinator\Components\mt\MT_UART.c
      1          /***************************************************************************************************
      2            Filename:       MT_UART.c
      3            Revised:        $Date: 2009-03-12 16:25:22 -0700 (Thu, 12 Mar 2009) $
      4            Revision:       $Revision: 19404 $
      5          
      6            Description:  This module handles anything dealing with the serial port.
      7          
      8            Copyright 2007 Texas Instruments Incorporated. All rights reserved.
      9          
     10            IMPORTANT: Your use of this Software is limited to those specific rights
     11            granted under the terms of a software license agreement between the user
     12            who downloaded the software, his/her employer (which must be your employer)
     13            and Texas Instruments Incorporated (the "License").  You may not use this
     14            Software unless you agree to abide by the terms of the License. The License
     15            limits your use, and you acknowledge, that the Software may not be modified,
     16            copied or distributed unless embedded on a Texas Instruments microcontroller
     17            or used solely and exclusively in conjunction with a Texas Instruments radio
     18            frequency transceiver, which is integrated into your product.  Other than for
     19            the foregoing purpose, you may not use, reproduce, copy, prepare derivative
     20            works of, modify, distribute, perform, display or sell this Software and/or
     21            its documentation for any purpose.
     22          
     23            YOU FURTHER ACKNOWLEDGE AND AGREE THAT THE SOFTWARE AND DOCUMENTATION ARE
     24            PROVIDED “AS IS?WITHOUT WARRANTY OF ANY KIND, EITHER EXPRESS OR IMPLIED,
     25            INCLUDING WITHOUT LIMITATION, ANY WARRANTY OF MERCHANTABILITY, TITLE,
     26            NON-INFRINGEMENT AND FITNESS FOR A PARTICULAR PURPOSE. IN NO EVENT SHALL
     27            TEXAS INSTRUMENTS OR ITS LICENSORS BE LIABLE OR OBLIGATED UNDER CONTRACT,
     28            NEGLIGENCE, STRICT LIABILITY, CONTRIBUTION, BREACH OF WARRANTY, OR OTHER
     29            LEGAL EQUITABLE THEORY ANY DIRECT OR INDIRECT DAMAGES OR EXPENSES
     30            INCLUDING BUT NOT LIMITED TO ANY INCIDENTAL, SPECIAL, INDIRECT, PUNITIVE
     31            OR CONSEQUENTIAL DAMAGES, LOST PROFITS OR LOST DATA, COST OF PROCUREMENT
     32            OF SUBSTITUTE GOODS, TECHNOLOGY, SERVICES, OR ANY CLAIMS BY THIRD PARTIES
     33            (INCLUDING BUT NOT LIMITED TO ANY DEFENSE THEREOF), OR OTHER SIMILAR COSTS.
     34          
     35            Should you have any questions regarding your right to use this Software,
     36            contact Texas Instruments Incorporated at www.TI.com.
     37          
     38          ***************************************************************************************************/
     39          
     40          /***************************************************************************************************
     41           * INCLUDES
     42           ***************************************************************************************************/
     43          #include "ZComDef.h"
     44          #include "OSAL.h"
     45          #include "hal_uart.h"
     46          #include "MT.h"
     47          #include "MT_UART.h"
     48          #include "OSAL_Memory.h"
     49          
     50          
     51          /***************************************************************************************************
     52           * MACROS
     53           ***************************************************************************************************/
     54          
     55          /***************************************************************************************************
     56           * CONSTANTS
     57           ***************************************************************************************************/
     58          /* State values for ZTool protocal */
     59          #define SOP_STATE      0x00
     60          #define CMD_STATE1     0x01
     61          #define CMD_STATE2     0x02
     62          #define LEN_STATE      0x03
     63          #define DATA_STATE     0x04
     64          #define FCS_STATE      0x05
     65          
     66          /***************************************************************************************************
     67           *                                         GLOBAL VARIABLES
     68           ***************************************************************************************************/
     69          /* Used to indentify the application ID for osal task */

   \                                 In  segment XDATA_Z, align 1, keep-with-next
     70          byte App_TaskID;
   \                     App_TaskID:
   \   000000                DS 1
   \   000001                REQUIRE __INIT_XDATA_Z
     71          
     72          /* ZTool protocal parameters */

   \                                 In  segment XDATA_Z, align 1, keep-with-next
     73          uint8 state;
   \                     state:
   \   000000                DS 1
   \   000001                REQUIRE __INIT_XDATA_Z

   \                                 In  segment XDATA_Z, align 1, keep-with-next
     74          uint8  CMD_Token[2];
   \                     CMD_Token:
   \   000000                DS 2
   \   000002                REQUIRE __INIT_XDATA_Z

   \                                 In  segment XDATA_Z, align 1, keep-with-next
     75          uint8  LEN_Token;
   \                     LEN_Token:
   \   000000                DS 1
   \   000001                REQUIRE __INIT_XDATA_Z

   \                                 In  segment XDATA_Z, align 1, keep-with-next
     76          uint8  FSC_Token;
   \                     FSC_Token:
   \   000000                DS 1
   \   000001                REQUIRE __INIT_XDATA_Z

   \                                 In  segment XDATA_Z, align 1, keep-with-next
     77          mtOSALSerialData_t  *pMsg;
   \                     pMsg:
   \   000000                DS 2
   \   000002                REQUIRE __INIT_XDATA_Z

   \                                 In  segment XDATA_Z, align 1, keep-with-next
     78          uint8  tempDataLen;
   \                     tempDataLen:
   \   000000                DS 1
   \   000001                REQUIRE __INIT_XDATA_Z
     79          
     80          #if defined (ZAPP_P1) || defined (ZAPP_P2)

   \                                 In  segment XDATA_Z, align 1, keep-with-next
     81          uint16  MT_UartMaxZAppBufLen;
   \                     MT_UartMaxZAppBufLen:
   \   000000                DS 2
   \   000002                REQUIRE __INIT_XDATA_Z

   \                                 In  segment XDATA_Z, align 1, keep-with-next
     82          bool    MT_UartZAppRxStatus;
   \                     MT_UartZAppRxStatus:
   \   000000                DS 1
   \   000001                REQUIRE __INIT_XDATA_Z
     83          #endif
     84          
     85          
     86          /***************************************************************************************************
     87           *                                          LOCAL FUNCTIONS
     88           ***************************************************************************************************/
     89          
     90          /***************************************************************************************************
     91           * @fn      MT_UartInit
     92           *
     93           * @brief   Initialize MT with UART support
     94           *
     95           * @param   None
     96           *
     97           * @return  None
     98          ***************************************************************************************************/

   \                                 In  segment BANKED_CODE, align 1, keep-with-next
     99          void MT_UartInit ()
   \                     MT_UartInit:
    100          {
   \   000000   C082         PUSH    DPL
   \   000002   C083         PUSH    DPH
   \   000004                ; Saved register size: 2
   \   000004                ; Auto size: 29
   \   000004   74E3         MOV     A,#-0x1d
   \   000006   12....       LCALL   ?ALLOC_XSTACK8
    101            halUARTCfg_t uartConfig;
    102          
    103            /* Initialize APP ID */
    104            App_TaskID = 0;
   \   000009   E4           CLR     A
   \   00000A   90....       MOV     DPTR,#App_TaskID
   \   00000D   F0           MOVX    @DPTR,A
    105          
    106            /* UART Configuration */
    107            uartConfig.configured           = TRUE;
   \   00000E   7401         MOV     A,#0x1
   \   000010   85..82       MOV     DPL,?XSP + 0
   \   000013   85..83       MOV     DPH,?XSP + 1
   \   000016   F0           MOVX    @DPTR,A
    108            uartConfig.baudRate             = MT_UART_DEFAULT_BAUDRATE;
   \   000017   12....       LCALL   ?XSTACK_DISP0_8
   \   00001A   7404         MOV     A,#0x4
   \   00001C   F0           MOVX    @DPTR,A
    109            uartConfig.flowControl          = MT_UART_DEFAULT_OVERFLOW;
   \   00001D   7402         MOV     A,#0x2
   \   00001F   12....       LCALL   ?XSTACK_DISP0_8
   \   000022   7401         MOV     A,#0x1
   \   000024   F0           MOVX    @DPTR,A
    110            uartConfig.flowControlThreshold = MT_UART_DEFAULT_THRESHOLD;
   \   000025   7403         MOV     A,#0x3
   \   000027   12....       LCALL   ?XSTACK_DISP0_8
   \   00002A   7440         MOV     A,#0x40
   \   00002C   F0           MOVX    @DPTR,A
   \   00002D   A3           INC     DPTR
   \   00002E   E4           CLR     A
   \   00002F   F0           MOVX    @DPTR,A
    111            uartConfig.rx.maxBufSize        = MT_UART_DEFAULT_MAX_RX_BUFF;
   \   000030   740A         MOV     A,#0xa
   \   000032   12....       LCALL   ?XSTACK_DISP0_8
   \   000035   7480         MOV     A,#-0x80
   \   000037   F0           MOVX    @DPTR,A
   \   000038   A3           INC     DPTR
   \   000039   E4           CLR     A
   \   00003A   F0           MOVX    @DPTR,A
    112            uartConfig.tx.maxBufSize        = MT_UART_DEFAULT_MAX_TX_BUFF;
   \   00003B   7412         MOV     A,#0x12
   \   00003D   12....       LCALL   ?XSTACK_DISP0_8
   \   000040   7480         MOV     A,#-0x80
   \   000042   F0           MOVX    @DPTR,A
   \   000043   A3           INC     DPTR
   \   000044   E4           CLR     A
   \   000045   F0           MOVX    @DPTR,A
    113            uartConfig.idleTimeout          = MT_UART_DEFAULT_IDLE_TIMEOUT;
   \   000046   7405         MOV     A,#0x5
   \   000048   12....       LCALL   ?XSTACK_DISP0_8
   \   00004B   7406         MOV     A,#0x6
   \   00004D   F0           MOVX    @DPTR,A
    114            uartConfig.intEnable            = TRUE;
   \   00004E   7416         MOV     A,#0x16
   \   000050   12....       LCALL   ?XSTACK_DISP0_8
   \   000053   7401         MOV     A,#0x1
   \   000055   F0           MOVX    @DPTR,A
    115          #if defined (ZTOOL_P1) || defined (ZTOOL_P2)
    116            uartConfig.callBackFunc         = MT_UartProcessZToolData;
    117          #elif defined (ZAPP_P1) || defined (ZAPP_P2)
    118            uartConfig.callBackFunc         = MT_UartProcessZAppData;
   \   000056   741B         MOV     A,#0x1b
   \   000058   12....       LCALL   ?XSTACK_DISP0_8
   \   00005B   74..         MOV     A,#(??MT_UartProcessZAppData?relay & 0xff)
   \   00005D   F0           MOVX    @DPTR,A
   \   00005E   A3           INC     DPTR
   \   00005F   74..         MOV     A,#((??MT_UartProcessZAppData?relay >> 8) & 0xff)
   \   000061   F0           MOVX    @DPTR,A
    119          #else
    120            uartConfig.callBackFunc         = NULL;
    121          #endif
    122          
    123            /* Start UART */
    124          #if defined (MT_UART_DEFAULT_PORT)
    125            HalUARTOpen (MT_UART_DEFAULT_PORT, &uartConfig);
   \   000062                ; Setup parameters for call to function HalUARTOpen
   \   000062   85..82       MOV     DPL,?XSP + 0
   \   000065   85..83       MOV     DPH,?XSP + 1
   \   000068   AA82         MOV     R2,DPL
   \   00006A   AB83         MOV     R3,DPH
   \   00006C   7900         MOV     R1,#0x0
   \   00006E   12....       LCALL   ??HalUARTOpen?relay
    126          #else
    127            /* Silence IAR compiler warning */
    128            (void)uartConfig;
    129          #endif
    130          
    131            /* Initialize for ZApp */
    132          #if defined (ZAPP_P1) || defined (ZAPP_P2)
    133            /* Default max bytes that ZAPP can take */
    134            MT_UartMaxZAppBufLen  = 1;
   \   000071   90....       MOV     DPTR,#MT_UartMaxZAppBufLen
   \   000074   7401         MOV     A,#0x1
   \   000076   F0           MOVX    @DPTR,A
   \   000077   A3           INC     DPTR
   \   000078   E4           CLR     A
   \   000079   F0           MOVX    @DPTR,A
    135            MT_UartZAppRxStatus   = MT_UART_ZAPP_RX_READY;
   \   00007A   7401         MOV     A,#0x1
   \   00007C   90....       MOV     DPTR,#MT_UartZAppRxStatus
   \   00007F   F0           MOVX    @DPTR,A
    136          #endif
    137          
    138          }
   \   000080   741D         MOV     A,#0x1d
   \   000082   12....       LCALL   ?DEALLOC_XSTACK8
   \   000085   80..         SJMP    ??Subroutine11_0

   \                                 In  segment BANKED_CODE, align 1, keep-with-next
   \                     ??Subroutine11_0:
   \   000000   D083         POP     DPH
   \   000002   D082         POP     DPL
   \   000004   02....       LJMP    ?BRET
    139          
    140          /***************************************************************************************************
    141           * @fn      MT_SerialRegisterTaskID
    142           *
    143           * @brief   This function registers the taskID of the application so it knows
    144           *          where to send the messages whent they come in.
    145           *
    146           * @param   void
    147           *
    148           * @return  void
    149           ***************************************************************************************************/

   \                                 In  segment BANKED_CODE, align 1, keep-with-next
   \                     ?Subroutine0:
   \   000000   F0           MOVX    @DPTR,A
   \   000001                REQUIRE ??Subroutine11_0
   \   000001                ; // Fall through to label ??Subroutine11_0

   \                                 In  segment BANKED_CODE, align 1, keep-with-next
    150          void MT_UartRegisterTaskID( byte taskID )
   \                     MT_UartRegisterTaskID:
    151          {
   \   000000   C082         PUSH    DPL
   \   000002   C083         PUSH    DPH
   \   000004                ; Saved register size: 2
   \   000004                ; Auto size: 0
    152            App_TaskID = taskID;
   \   000004   E9           MOV     A,R1
   \   000005   90....       MOV     DPTR,#App_TaskID
   \   000008   80..         SJMP    ?Subroutine0
    153          }
    154          
    155          /***************************************************************************************************
    156           * @fn      SPIMgr_CalcFCS
    157           *
    158           * @brief   Calculate the FCS of a message buffer by XOR'ing each byte.
    159           *          Remember to NOT include SOP and FCS fields, so start at the CMD field.
    160           *
    161           * @param   byte *msg_ptr - message pointer
    162           * @param   byte len - length (in bytes) of message
    163           *
    164           * @return  result byte
    165           ***************************************************************************************************/

   \                                 In  segment BANKED_CODE, align 1, keep-with-next
    166          byte MT_UartCalcFCS( uint8 *msg_ptr, uint8 len )
   \                     MT_UartCalcFCS:
    167          {
   \   000000   74F7         MOV     A,#-0x9
   \   000002   12....       LCALL   ?BANKED_ENTER_XDATA
   \   000005                ; Saved register size: 9
   \   000005                ; Auto size: 0
   \   000005   E9           MOV     A,R1
   \   000006   FD           MOV     R5,A
    168            byte x;
    169            byte xorResult;
    170          
    171            xorResult = 0;
   \   000007   7900         MOV     R1,#0x0
    172          
    173            for ( x = 0; x < len; x++, msg_ptr++ )
   \   000009   7C00         MOV     R4,#0x0
   \   00000B   800E         SJMP    ??MT_UartCalcFCS_0
    174              xorResult = xorResult ^ *msg_ptr;
   \                     ??MT_UartCalcFCS_1:
   \   00000D   8A82         MOV     DPL,R2
   \   00000F   8B83         MOV     DPH,R3
   \   000011   E0           MOVX    A,@DPTR
   \   000012   C9           XCH     A,R1
   \   000013   69           XRL     A,R1
   \   000014   F9           MOV     R1,A
   \   000015   0C           INC     R4
   \   000016   A3           INC     DPTR
   \   000017   AA82         MOV     R2,DPL
   \   000019   AB83         MOV     R3,DPH
   \                     ??MT_UartCalcFCS_0:
   \   00001B   EC           MOV     A,R4
   \   00001C   C3           CLR     C
   \   00001D   9D           SUBB    A,R5
   \   00001E   40ED         JC      ??MT_UartCalcFCS_1
    175          
    176            return ( xorResult );
   \   000020                REQUIRE ?Subroutine1
   \   000020                ; // Fall through to label ?Subroutine1
    177          }

   \                                 In  segment BANKED_CODE, align 1, keep-with-next
   \                     ?Subroutine1:
   \   000000   7F01         MOV     R7,#0x1
   \   000002   02....       LJMP    ?BANKED_LEAVE_XDATA
    178          
    179          
    180          /***************************************************************************************************
    181           * @fn      MT_UartProcessZToolData
    182           *
    183           * @brief   | SOP | Data Length  |   CMD   |   Data   |  FCS  |
    184           *          |  1  |     1        |    2    |  0-Len   |   1   |
    185           *
    186           *          Parses the data and determine either is SPI or just simply serial data
    187           *          then send the data to correct place (MT or APP)
    188           *
    189           * @param   port     - UART port
    190           *          event    - Event that causes the callback
    191           *
    192           *
    193           * @return  None
    194           ***************************************************************************************************/

   \                                 In  segment BANKED_CODE, align 1, keep-with-next
    195          void MT_UartProcessZToolData ( uint8 port, uint8 event )
   \                     MT_UartProcessZToolData:
    196          { 
   \   000000   74F6         MOV     A,#-0xa
   \   000002   12....       LCALL   ?BANKED_ENTER_XDATA
   \   000005                ; Saved register size: 10
   \   000005                ; Auto size: 1
   \   000005   74FF         MOV     A,#-0x1
   \   000007   12....       LCALL   ?ALLOC_XSTACK8
   \   00000A   E9           MOV     A,R1
   \   00000B   FE           MOV     R6,A
    197            
    198            
    199            uint8  ch;
    200            uint8  bytesInRxBuffer;
    201            
    202            (void)event;  // Intentionally unreferenced parameter
   \   00000C   802D         SJMP    ??MT_UartProcessZToolData_0
    203          
    204            while (Hal_UART_RxBufLen(port))
    205            {  
    206              HalUARTRead (port, &ch, 1);
    207          
    208              switch (state)
    209              {
    210                case SOP_STATE:
    211                  if (ch == MT_UART_SOF)
    212                    state = LEN_STATE;
    213                  break;
    214          
    215                case LEN_STATE:
    216                  LEN_Token = ch;
    217          
    218                  tempDataLen = 0;
    219          
    220                  // Allocate memory for the data 
    221                  pMsg = (mtOSALSerialData_t *)osal_msg_allocate( sizeof ( mtOSALSerialData_t ) +
    222                                                                  MT_RPC_FRAME_HDR_SZ + LEN_Token );
    223          
    224                  if (pMsg)
    225                  {
    226                    // Fill up what we can 
    227                    pMsg->hdr.event = CMD_SERIAL_MSG;
   \                     ??MT_UartProcessZToolData_1:
   \   00000E   12....       LCALL   ?Subroutine10 & 0xFFFF
   \                     ??CrossCallReturnLabel_20:
   \   000011   7401         MOV     A,#0x1
   \   000013   F0           MOVX    @DPTR,A
    228                    pMsg->msg = (uint8*)(pMsg+1);
   \   000014   90....       MOV     DPTR,#pMsg
   \   000017   E0           MOVX    A,@DPTR
   \   000018   2404         ADD     A,#0x4
   \   00001A   F8           MOV     R0,A
   \   00001B   A3           INC     DPTR
   \   00001C   E0           MOVX    A,@DPTR
   \   00001D   3400         ADDC    A,#0x0
   \   00001F   F9           MOV     R1,A
   \   000020   12....       LCALL   ?Subroutine6 & 0xFFFF
   \                     ??CrossCallReturnLabel_10:
   \   000023   E8           MOV     A,R0
   \   000024   F0           MOVX    @DPTR,A
   \   000025   A3           INC     DPTR
   \   000026   E9           MOV     A,R1
   \   000027   12....       LCALL   ?Subroutine2 & 0xFFFF
    229                    pMsg->msg[MT_RPC_POS_LEN] = LEN_Token;
   \                     ??CrossCallReturnLabel_0:
   \   00002A   C0E0         PUSH    A
   \   00002C   12....       LCALL   ?Subroutine5 & 0xFFFF
   \                     ??CrossCallReturnLabel_8:
   \   00002F   12....       LCALL   ??Subroutine12_0 & 0xFFFF
   \                     ??CrossCallReturnLabel_18:
   \   000032   D0E0         POP     A
   \   000034   F0           MOVX    @DPTR,A
    230                    state = CMD_STATE1;
   \   000035   7401         MOV     A,#0x1
   \                     ??MT_UartProcessZToolData_2:
   \   000037   90....       MOV     DPTR,#state
   \   00003A   F0           MOVX    @DPTR,A
    231                  }
   \                     ??MT_UartProcessZToolData_0:
   \   00003B                ; Setup parameters for call to function Hal_UART_RxBufLen
   \   00003B   EE           MOV     A,R6
   \   00003C   F9           MOV     R1,A
   \   00003D   12....       LCALL   ??Hal_UART_RxBufLen?relay
   \   000040   EA           MOV     A,R2
   \   000041   7001         JNZ     ??MT_UartProcessZToolData_3
   \   000043   EB           MOV     A,R3
   \                     ??MT_UartProcessZToolData_3:
   \   000044   6071         JZ      ??MT_UartProcessZToolData_4
   \   000046                ; Setup parameters for call to function HalUARTRead
   \   000046   7C01         MOV     R4,#0x1
   \   000048   7D00         MOV     R5,#0x0
   \   00004A   85..82       MOV     DPL,?XSP + 0
   \   00004D   85..83       MOV     DPH,?XSP + 1
   \   000050   AA82         MOV     R2,DPL
   \   000052   AB83         MOV     R3,DPH
   \   000054   EE           MOV     A,R6
   \   000055   F9           MOV     R1,A
   \   000056   12....       LCALL   ??HalUARTRead?relay
   \   000059   90....       MOV     DPTR,#state
   \   00005C   E0           MOVX    A,@DPTR
   \   00005D   12....       LCALL   ?UC_SWITCH_DENSE
   \                     `?<Jumptable for MT_UartProcessZToolData>_0`:
   \   000060   00           DB        0
   \   000061   05           DB        5
   \   000062   ....         DW        ??MT_UartProcessZToolData_0
   \   000064   ....         DW        ??MT_UartProcessZToolData_5
   \   000066   ....         DW        ??MT_UartProcessZToolData_6
   \   000068   ....         DW        ??MT_UartProcessZToolData_7
   \   00006A   ....         DW        ??MT_UartProcessZToolData_8
   \   00006C   ....         DW        ??MT_UartProcessZToolData_9
   \   00006E   ....         DW        ??MT_UartProcessZToolData_10
   \                     ??MT_UartProcessZToolData_5:
   \   000070   85..82       MOV     DPL,?XSP + 0
   \   000073   85..83       MOV     DPH,?XSP + 1
   \   000076   E0           MOVX    A,@DPTR
   \   000077   64FE         XRL     A,#0xfe
   \   000079   70C0         JNZ     ??MT_UartProcessZToolData_0
   \   00007B   7403         MOV     A,#0x3
   \   00007D   80B8         SJMP    ??MT_UartProcessZToolData_2
   \                     ??MT_UartProcessZToolData_8:
   \   00007F   85..82       MOV     DPL,?XSP + 0
   \   000082   85..83       MOV     DPH,?XSP + 1
   \   000085   E0           MOVX    A,@DPTR
   \   000086   90....       MOV     DPTR,#LEN_Token
   \   000089   F0           MOVX    @DPTR,A
   \   00008A   E4           CLR     A
   \   00008B   90....       MOV     DPTR,#tempDataLen
   \   00008E   12....       LCALL   ?Subroutine2 & 0xFFFF
   \                     ??CrossCallReturnLabel_1:
   \   000091   F8           MOV     R0,A
   \   000092   7407         MOV     A,#0x7
   \   000094   28           ADD     A,R0
   \   000095   FA           MOV     R2,A
   \   000096   E4           CLR     A
   \   000097   3400         ADDC    A,#0x0
   \   000099   FB           MOV     R3,A
   \   00009A   12....       LCALL   ??osal_msg_allocate?relay
   \   00009D   90....       MOV     DPTR,#pMsg
   \   0000A0   EA           MOV     A,R2
   \   0000A1   F0           MOVX    @DPTR,A
   \   0000A2   A3           INC     DPTR
   \   0000A3   EB           MOV     A,R3
   \   0000A4   F0           MOVX    @DPTR,A
   \   0000A5   90....       MOV     DPTR,#pMsg
   \   0000A8   E0           MOVX    A,@DPTR
   \   0000A9   7002         JNZ     ??MT_UartProcessZToolData_11
   \   0000AB   A3           INC     DPTR
   \   0000AC   E0           MOVX    A,@DPTR
   \                     ??MT_UartProcessZToolData_11:
   \   0000AD   6003         JZ      $+5
   \   0000AF   02....       LJMP    ??MT_UartProcessZToolData_1 & 0xFFFF
    232                  else
    233                  {
    234                    state = SOP_STATE;
   \   0000B2   E4           CLR     A
   \   0000B3   90....       MOV     DPTR,#state
   \   0000B6   F0           MOVX    @DPTR,A
    235                    return;
   \                     ??MT_UartProcessZToolData_4:
   \   0000B7   7401         MOV     A,#0x1
   \   0000B9   12....       LCALL   ?DEALLOC_XSTACK8
   \   0000BC   7F02         MOV     R7,#0x2
   \   0000BE   02....       LJMP    ?BANKED_LEAVE_XDATA
    236                  }
    237                  break;
    238          
    239                case CMD_STATE1:
    240                  pMsg->msg[MT_RPC_POS_CMD0] = ch;
   \                     ??MT_UartProcessZToolData_6:
   \   0000C1   85..82       MOV     DPL,?XSP + 0
   \   0000C4   85..83       MOV     DPH,?XSP + 1
   \   0000C7   E0           MOVX    A,@DPTR
   \   0000C8   C0E0         PUSH    A
   \   0000CA   12....       LCALL   ?Subroutine4 & 0xFFFF
   \                     ??CrossCallReturnLabel_6:
   \   0000CD   D0E0         POP     A
   \   0000CF   F0           MOVX    @DPTR,A
    241                  state = CMD_STATE2;
   \   0000D0   7402         MOV     A,#0x2
   \   0000D2   02....       LJMP    ??MT_UartProcessZToolData_2 & 0xFFFF
    242                  break;
    243          
    244                case CMD_STATE2:
    245                  pMsg->msg[MT_RPC_POS_CMD1] = ch;
   \                     ??MT_UartProcessZToolData_7:
   \   0000D5   85..82       MOV     DPL,?XSP + 0
   \   0000D8   85..83       MOV     DPH,?XSP + 1
   \   0000DB   E0           MOVX    A,@DPTR
   \   0000DC   C0E0         PUSH    A
   \   0000DE   12....       LCALL   ?Subroutine4 & 0xFFFF
   \                     ??CrossCallReturnLabel_7:
   \   0000E1   A3           INC     DPTR
   \   0000E2   D0E0         POP     A
   \   0000E4   12....       LCALL   ?Subroutine2 & 0xFFFF
    246                  // If there is no data, skip to FCS state 
    247                  if (LEN_Token)
   \                     ??CrossCallReturnLabel_2:
   \   0000E7   607F         JZ      ??MT_UartProcessZToolData_12
    248                  {
    249                    state = DATA_STATE;
   \   0000E9   7404         MOV     A,#0x4
   \   0000EB   02....       LJMP    ??MT_UartProcessZToolData_2 & 0xFFFF
    250                  }
    251                  else
    252                  {
    253                    state = FCS_STATE;
    254                  }
    255                  break;
    256          
    257                case DATA_STATE:
    258          
    259                  // Fill in the buffer the first byte of the data 
    260                  pMsg->msg[MT_RPC_FRAME_HDR_SZ + tempDataLen++] = ch;
   \                     ??MT_UartProcessZToolData_9:
   \   0000EE   85..82       MOV     DPL,?XSP + 0
   \   0000F1   85..83       MOV     DPH,?XSP + 1
   \   0000F4   E0           MOVX    A,@DPTR
   \   0000F5   C0E0         PUSH    A
   \   0000F7   90....       MOV     DPTR,#tempDataLen
   \   0000FA   E0           MOVX    A,@DPTR
   \   0000FB   F8           MOV     R0,A
   \   0000FC   12....       LCALL   ?Subroutine6 & 0xFFFF
   \                     ??CrossCallReturnLabel_11:
   \   0000FF   12....       LCALL   ?Subroutine7 & 0xFFFF
   \                     ??CrossCallReturnLabel_12:
   \   000102   D0E0         POP     A
   \   000104   F0           MOVX    @DPTR,A
   \   000105   90....       MOV     DPTR,#tempDataLen
   \   000108   E0           MOVX    A,@DPTR
   \   000109   04           INC     A
   \   00010A   F0           MOVX    @DPTR,A
    261          
    262                  // Check number of bytes left in the Rx buffer 
    263                  bytesInRxBuffer = Hal_UART_RxBufLen(port);
   \   00010B                ; Setup parameters for call to function Hal_UART_RxBufLen
   \   00010B   EE           MOV     A,R6
   \   00010C   F9           MOV     R1,A
   \   00010D   12....       LCALL   ??Hal_UART_RxBufLen?relay
   \   000110   EA           MOV     A,R2
   \   000111   FF           MOV     R7,A
    264          
    265                  // If the remain of the data is there, read them all, otherwise, just read enough 
    266                  if (bytesInRxBuffer <= LEN_Token - tempDataLen)
   \   000112   90....       MOV     DPTR,#LEN_Token
   \   000115   E0           MOVX    A,@DPTR
   \   000116   F8           MOV     R0,A
   \   000117   90....       MOV     DPTR,#tempDataLen
   \   00011A   E0           MOVX    A,@DPTR
   \   00011B   FA           MOV     R2,A
   \   00011C   E8           MOV     A,R0
   \   00011D   C3           CLR     C
   \   00011E   9A           SUBB    A,R2
   \   00011F   F8           MOV     R0,A
   \   000120   E4           CLR     A
   \   000121   9400         SUBB    A,#0x0
   \   000123   F9           MOV     R1,A
   \   000124   8F..         MOV     ?V0 + 0,R7
   \   000126   C3           CLR     C
   \   000127   E8           MOV     A,R0
   \   000128   95..         SUBB    A,?V0 + 0
   \   00012A   E9           MOV     A,R1
   \   00012B   9400         SUBB    A,#0x0
   \   00012D   A2D2         MOV     C,0xD0 /* PSW */.2
   \   00012F   65D0         XRL     A,PSW
   \   000131   33           RLC     A
   \   000132   4010         JC      ??MT_UartProcessZToolData_13
    267                  {
    268                    HalUARTRead (port, &pMsg->msg[MT_RPC_FRAME_HDR_SZ + tempDataLen], bytesInRxBuffer);
   \   000134                ; Setup parameters for call to function HalUARTRead
   \   000134   AC..         MOV     R4,?V0 + 0
   \   000136   7D00         MOV     R5,#0x0
   \   000138   E0           MOVX    A,@DPTR
   \   000139   F8           MOV     R0,A
   \   00013A   12....       LCALL   ?Subroutine3 & 0xFFFF
    269                    tempDataLen += bytesInRxBuffer;
   \                     ??CrossCallReturnLabel_4:
   \   00013D   90....       MOV     DPTR,#tempDataLen
   \   000140   E0           MOVX    A,@DPTR
   \   000141   2F           ADD     A,R7
   \   000142   8017         SJMP    ??MT_UartProcessZToolData_14
    270                  }
    271                  else
    272                  {
    273                    HalUARTRead (port, &pMsg->msg[MT_RPC_FRAME_HDR_SZ + tempDataLen], LEN_Token - tempDataLen);
   \                     ??MT_UartProcessZToolData_13:
   \   000144   E0           MOVX    A,@DPTR
   \   000145   F8           MOV     R0,A
   \   000146                ; Setup parameters for call to function HalUARTRead
   \   000146   90....       MOV     DPTR,#LEN_Token
   \   000149   E0           MOVX    A,@DPTR
   \   00014A   C3           CLR     C
   \   00014B   98           SUBB    A,R0
   \   00014C   FC           MOV     R4,A
   \   00014D   E4           CLR     A
   \   00014E   9400         SUBB    A,#0x0
   \   000150   FD           MOV     R5,A
   \   000151   12....       LCALL   ?Subroutine3 & 0xFFFF
    274                    tempDataLen += (LEN_Token - tempDataLen);
   \                     ??CrossCallReturnLabel_5:
   \   000154   90....       MOV     DPTR,#LEN_Token
   \   000157   E0           MOVX    A,@DPTR
   \   000158   90....       MOV     DPTR,#tempDataLen
   \                     ??MT_UartProcessZToolData_14:
   \   00015B   F0           MOVX    @DPTR,A
    275                  }
    276          
    277                  // If number of bytes read is equal to data length, time to move on to FCS 
    278                  if ( tempDataLen == LEN_Token )
   \   00015C   E0           MOVX    A,@DPTR
   \   00015D   FA           MOV     R2,A
   \   00015E   90....       MOV     DPTR,#LEN_Token
   \   000161   E0           MOVX    A,@DPTR
   \   000162   6A           XRL     A,R2
   \   000163   6003         JZ      $+5
   \   000165   02....       LJMP    ??MT_UartProcessZToolData_0 & 0xFFFF
   \                     ??MT_UartProcessZToolData_12:
   \   000168   7405         MOV     A,#0x5
   \   00016A   02....       LJMP    ??MT_UartProcessZToolData_2 & 0xFFFF
    279                      state = FCS_STATE;
    280          
    281                  break;
    282          
    283                case FCS_STATE:
    284          
    285                  FSC_Token = ch;
   \                     ??MT_UartProcessZToolData_10:
   \   00016D   85..82       MOV     DPL,?XSP + 0
   \   000170   85..83       MOV     DPH,?XSP + 1
   \   000173   E0           MOVX    A,@DPTR
   \   000174   90....       MOV     DPTR,#FSC_Token
   \   000177   12....       LCALL   ?Subroutine2 & 0xFFFF
    286          
    287                  // Make sure it's correct 
    288                  if ((MT_UartCalcFCS ((uint8*)&pMsg->msg[0], MT_RPC_FRAME_HDR_SZ + LEN_Token) == FSC_Token))
   \                     ??CrossCallReturnLabel_3:
   \   00017A   2403         ADD     A,#0x3
   \   00017C   F9           MOV     R1,A
   \   00017D   12....       LCALL   ?Subroutine5 & 0xFFFF
   \                     ??CrossCallReturnLabel_9:
   \   000180   FA           MOV     R2,A
   \   000181   A3           INC     DPTR
   \   000182   E0           MOVX    A,@DPTR
   \   000183   FB           MOV     R3,A
   \   000184   12....       LCALL   ??MT_UartCalcFCS?relay
   \   000187   E9           MOV     A,R1
   \   000188   FA           MOV     R2,A
   \   000189   90....       MOV     DPTR,#FSC_Token
   \   00018C   E0           MOVX    A,@DPTR
   \   00018D   6A           XRL     A,R2
   \   00018E   90....       MOV     DPTR,#pMsg
   \   000191   700F         JNZ     ??MT_UartProcessZToolData_15
    289                  {
    290                    osal_msg_send( App_TaskID, (byte *)pMsg );
   \   000193                ; Setup parameters for call to function osal_msg_send
   \   000193   E0           MOVX    A,@DPTR
   \   000194   FA           MOV     R2,A
   \   000195   A3           INC     DPTR
   \   000196   E0           MOVX    A,@DPTR
   \   000197   FB           MOV     R3,A
   \   000198   90....       MOV     DPTR,#App_TaskID
   \   00019B   E0           MOVX    A,@DPTR
   \   00019C   F9           MOV     R1,A
   \   00019D   12....       LCALL   ??osal_msg_send?relay
   \   0001A0   8008         SJMP    ??MT_UartProcessZToolData_16
    291                  }
    292                  else
    293                  {
    294                    // deallocate the msg 
    295                    osal_msg_deallocate ( (uint8 *)pMsg );
   \                     ??MT_UartProcessZToolData_15:
   \   0001A2                ; Setup parameters for call to function osal_msg_deallocate
   \   0001A2   E0           MOVX    A,@DPTR
   \   0001A3   FA           MOV     R2,A
   \   0001A4   A3           INC     DPTR
   \   0001A5   E0           MOVX    A,@DPTR
   \   0001A6   FB           MOV     R3,A
   \   0001A7   12....       LCALL   ??osal_msg_deallocate?relay
    296                  }
    297          
    298                  // Reset the state, send or discard the buffers at this point 
    299                  state = SOP_STATE;
   \                     ??MT_UartProcessZToolData_16:
   \   0001AA   E4           CLR     A
   \   0001AB   02....       LJMP    ??MT_UartProcessZToolData_2 & 0xFFFF
    300          
    301                  break;
    302          
    303                default:
    304                 break;
    305              }
    306            }
    307          }

   \                                 In  segment BANKED_CODE, align 1, keep-with-next
   \                     ?Subroutine6:
   \   000000   12....       LCALL   ?Subroutine9 & 0xFFFF
   \                     ??CrossCallReturnLabel_17:
   \   000003   22           RET

   \                                 In  segment BANKED_CODE, align 1, keep-with-next
   \                     ?Subroutine9:
   \   000000   90....       MOV     DPTR,#pMsg
   \   000003   E0           MOVX    A,@DPTR
   \   000004   FA           MOV     R2,A
   \   000005   A3           INC     DPTR
   \   000006   E0           MOVX    A,@DPTR
   \   000007   F583         MOV     DPH,A
   \   000009   8A82         MOV     DPL,R2
   \   00000B   A3           INC     DPTR
   \   00000C   A3           INC     DPTR
   \   00000D   22           RET

   \                                 In  segment BANKED_CODE, align 1, keep-with-next
   \                     ?Subroutine5:
   \   000000   12....       LCALL   ?Subroutine8 & 0xFFFF
   \                     ??CrossCallReturnLabel_15:
   \   000003   22           RET

   \                                 In  segment BANKED_CODE, align 1, keep-with-next
   \                     ?Subroutine8:
   \   000000   12....       LCALL   ?Subroutine10 & 0xFFFF
   \                     ??CrossCallReturnLabel_21:
   \   000003   A3           INC     DPTR
   \   000004   A3           INC     DPTR
   \   000005   E0           MOVX    A,@DPTR
   \   000006   22           RET

   \                                 In  segment BANKED_CODE, align 1, keep-with-next
   \                     ?Subroutine4:
   \   000000   12....       LCALL   ?Subroutine8 & 0xFFFF
   \                     ??CrossCallReturnLabel_14:
   \   000003   12....       LCALL   ??Subroutine12_0 & 0xFFFF
   \                     ??CrossCallReturnLabel_19:
   \   000006   A3           INC     DPTR
   \   000007   22           RET

   \                                 In  segment BANKED_CODE, align 1, keep-with-next
   \                     ?Subroutine10:
   \   000000   90....       MOV     DPTR,#pMsg
   \   000003   E0           MOVX    A,@DPTR
   \   000004                REQUIRE ??Subroutine12_0
   \   000004                ; // Fall through to label ??Subroutine12_0

   \                                 In  segment BANKED_CODE, align 1, keep-with-next
   \                     ??Subroutine12_0:
   \   000000   F8           MOV     R0,A
   \   000001   A3           INC     DPTR
   \   000002   E0           MOVX    A,@DPTR
   \   000003   F583         MOV     DPH,A
   \   000005   8882         MOV     DPL,R0
   \   000007   22           RET

   \                                 In  segment BANKED_CODE, align 1, keep-with-next
   \                     ?Subroutine3:
   \   000000   12....       LCALL   ?Subroutine9 & 0xFFFF
   \                     ??CrossCallReturnLabel_16:
   \   000003   12....       LCALL   ?Subroutine7 & 0xFFFF
   \                     ??CrossCallReturnLabel_13:
   \   000006   AA82         MOV     R2,DPL
   \   000008   AB83         MOV     R3,DPH
   \   00000A   EE           MOV     A,R6
   \   00000B   F9           MOV     R1,A
   \   00000C   12....       LCALL   ??HalUARTRead?relay
   \   00000F   22           RET

   \                                 In  segment BANKED_CODE, align 1, keep-with-next
   \                     ?Subroutine7:
   \   000000   E0           MOVX    A,@DPTR
   \   000001   28           ADD     A,R0
   \   000002   FA           MOV     R2,A
   \   000003   A3           INC     DPTR
   \   000004   E0           MOVX    A,@DPTR
   \   000005   3400         ADDC    A,#0x0
   \   000007   8A82         MOV     DPL,R2
   \   000009   F583         MOV     DPH,A
   \   00000B   A3           INC     DPTR
   \   00000C   A3           INC     DPTR
   \   00000D   A3           INC     DPTR
   \   00000E   22           RET

   \                                 In  segment BANKED_CODE, align 1, keep-with-next
   \                     ?Subroutine2:
   \   000000   F0           MOVX    @DPTR,A
   \   000001                ; Setup parameters for call to function osal_msg_allocate
   \   000001                ; Setup parameters for call to function MT_UartCalcFCS
   \   000001   90....       MOV     DPTR,#LEN_Token
   \   000004   E0           MOVX    A,@DPTR
   \   000005   22           RET
    308          
    309          #if defined (ZAPP_P1) || defined (ZAPP_P2)
    310          /***************************************************************************************************
    311           * @fn      MT_UartProcessZAppData
    312           *
    313           * @brief   | SOP | CMD  |   Data Length   | FSC  |
    314           *          |  1  |  2   |       1         |  1   |
    315           *
    316           *          Parses the data and determine either is SPI or just simply serial data
    317           *          then send the data to correct place (MT or APP)
    318           *
    319           * @param   port    - UART port
    320           *          event   - Event that causes the callback
    321           *
    322           *
    323           * @return  None
    324           ***************************************************************************************************/

   \                                 In  segment BANKED_CODE, align 1, keep-with-next
    325          void MT_UartProcessZAppData ( uint8 port, uint8 event )
   \                     MT_UartProcessZAppData:
    326          {
   \   000000   C082         PUSH    DPL
   \   000002   C083         PUSH    DPH
   \   000004                ; Saved register size: 2
   \   000004                ; Auto size: 0
    327          
    328            osal_event_hdr_t  *msg_ptr;
    329            uint16 length = 0;
    330            uint16 rxBufLen  = Hal_UART_RxBufLen(MT_UART_DEFAULT_PORT);
   \   000004                ; Setup parameters for call to function Hal_UART_RxBufLen
   \   000004   7900         MOV     R1,#0x0
   \   000006   12....       LCALL   ??Hal_UART_RxBufLen?relay
    331            //osal_set_event(8,0x0002);
    332            return;
   \   000009   02....       LJMP    ??Subroutine11_0 & 0xFFFF
    333            /*
    334               If maxZAppBufferLength is 0 or larger than current length
    335               the entire length of the current buffer is returned.
    336            */
    337            if ((MT_UartMaxZAppBufLen != 0) && (MT_UartMaxZAppBufLen <= rxBufLen))
                   ^
Warning[Pe111]: statement is unreachable
    338            {
    339              length = MT_UartMaxZAppBufLen;
    340            }
    341            else
    342            {
    343              length = rxBufLen;
    344            }
    345          
    346            /* Verify events */
    347            if (event == HAL_UART_TX_FULL)
    348            {
    349              // Do something when TX if full
    350              return;
    351            }
    352          
    353            if (event & ( HAL_UART_RX_FULL | HAL_UART_RX_ABOUT_FULL | HAL_UART_RX_TIMEOUT))
    354            {
    355              if ( App_TaskID )
    356              {
    357                /*
    358                   If Application is ready to receive and there is something
    359                   in the Rx buffer then send it up
    360                */
    361                if ((MT_UartZAppRxStatus == MT_UART_ZAPP_RX_READY ) && (length != 0))
    362                {
    363                  /* Disable App flow control until it processes the current data */
    364                   MT_UartAppFlowControl (MT_UART_ZAPP_RX_NOT_READY);
    365          
    366                  /* 2 more bytes are added, 1 for CMD type, other for length */
    367                  msg_ptr = (osal_event_hdr_t *)osal_msg_allocate( length + sizeof(osal_event_hdr_t) );
    368                  if ( msg_ptr )
    369                  {
    370                    msg_ptr->event = SPI_INCOMING_ZAPP_DATA;
    371                    msg_ptr->status = length;
    372                    //osal_set_event(8, 2);
    373                    /* Read the data of Rx buffer */
    374                    HalUARTRead( MT_UART_DEFAULT_PORT, (uint8 *)(msg_ptr + 1), length );
    375          
    376                    /* Send the raw data to application...or where ever */
    377                    osal_msg_send( App_TaskID, (uint8 *)msg_ptr );
    378                  }
    379                }
    380              }
    381            }
    382          }
    383          
    384          /***************************************************************************************************
    385           * @fn      SPIMgr_ZAppBufferLengthRegister
    386           *
    387           * @brief
    388           *
    389           * @param   maxLen - Max Length that the application wants at a time
    390           *
    391           * @return  None
    392           *
    393           ***************************************************************************************************/

   \                                 In  segment BANKED_CODE, align 1, keep-with-next
    394          void MT_UartZAppBufferLengthRegister ( uint16 maxLen )
   \                     MT_UartZAppBufferLengthRegister:
    395          {
   \   000000   C082         PUSH    DPL
   \   000002   C083         PUSH    DPH
   \   000004                ; Saved register size: 2
   \   000004                ; Auto size: 0
    396            /* If the maxLen is larger than the RX buff, something is not right */
    397            if (maxLen <= MT_UART_DEFAULT_MAX_RX_BUFF)
   \   000004   C3           CLR     C
   \   000005   EA           MOV     A,R2
   \   000006   9481         SUBB    A,#-0x7f
   \   000008   EB           MOV     A,R3
   \   000009   9400         SUBB    A,#0x0
   \   00000B   90....       MOV     DPTR,#MT_UartMaxZAppBufLen
   \   00000E   5006         JNC     ??MT_UartZAppBufferLengthRegister_0
    398              MT_UartMaxZAppBufLen = maxLen;
   \   000010   EA           MOV     A,R2
   \   000011   F0           MOVX    @DPTR,A
   \   000012   A3           INC     DPTR
   \   000013   EB           MOV     A,R3
   \   000014   8005         SJMP    ??MT_UartZAppBufferLengthRegister_1
    399            else
    400              MT_UartMaxZAppBufLen = 1; /* default is 1 byte */
   \                     ??MT_UartZAppBufferLengthRegister_0:
   \   000016   7401         MOV     A,#0x1
   \   000018   F0           MOVX    @DPTR,A
   \   000019   A3           INC     DPTR
   \   00001A   E4           CLR     A
   \                     ??MT_UartZAppBufferLengthRegister_1:
   \   00001B   02....       LJMP    ?Subroutine0 & 0xFFFF
    401          }
    402          
    403          /***************************************************************************************************
    404           * @fn      SPIMgr_AppFlowControl
    405           *
    406           * @brief
    407           *
    408           * @param   status - ready to send or not
    409           *
    410           * @return  None
    411           *
    412           ***************************************************************************************************/

   \                                 In  segment BANKED_CODE, align 1, keep-with-next
    413          void MT_UartAppFlowControl ( bool status )
   \                     MT_UartAppFlowControl:
    414          {
   \   000000   74F7         MOV     A,#-0x9
   \   000002   12....       LCALL   ?BANKED_ENTER_XDATA
   \   000005                ; Saved register size: 9
   \   000005                ; Auto size: 0
   \   000005   E9           MOV     A,R1
   \   000006   FE           MOV     R6,A
    415          
    416            /* Make sure only update if needed */
    417            if (status != MT_UartZAppRxStatus )
   \   000007   90....       MOV     DPTR,#MT_UartZAppRxStatus
   \   00000A   E0           MOVX    A,@DPTR
   \   00000B   6E           XRL     A,R6
   \   00000C   6002         JZ      ??MT_UartAppFlowControl_0
    418            {
    419              MT_UartZAppRxStatus = status;
   \   00000E   EE           MOV     A,R6
   \   00000F   F0           MOVX    @DPTR,A
    420            }
    421          
    422            /* App is ready to read again, ProcessZAppData have to be triggered too */
    423            if (status == MT_UART_ZAPP_RX_READY)
   \                     ??MT_UartAppFlowControl_0:
   \   000010   7401         MOV     A,#0x1
   \   000012   6E           XRL     A,R6
   \   000013   7005         JNZ     ??MT_UartAppFlowControl_1
    424            {
    425              MT_UartProcessZAppData (MT_UART_DEFAULT_PORT, HAL_UART_RX_TIMEOUT );
   \   000015                ; Setup parameters for call to function Hal_UART_RxBufLen
   \   000015   7900         MOV     R1,#0x0
   \   000017   12....       LCALL   ??Hal_UART_RxBufLen?relay
    426            }
    427          
    428          }
   \                     ??MT_UartAppFlowControl_1:
   \   00001A   02....       LJMP    ?Subroutine1 & 0xFFFF

   \                                 In  segment BANK_RELAYS, align 1
   \                     ??MT_UartInit?relay:
   \   000000   12....       LCALL   ?BDISPATCH
   \   000003   ......       DC24    MT_UartInit

   \                                 In  segment BANK_RELAYS, align 1
   \                     ??MT_UartRegisterTaskID?relay:
   \   000000   12....       LCALL   ?BDISPATCH
   \   000003   ......       DC24    MT_UartRegisterTaskID

   \                                 In  segment BANK_RELAYS, align 1
   \                     ??MT_UartCalcFCS?relay:
   \   000000   12....       LCALL   ?BDISPATCH
   \   000003   ......       DC24    MT_UartCalcFCS

   \                                 In  segment BANK_RELAYS, align 1
   \                     ??MT_UartProcessZToolData?relay:
   \   000000   12....       LCALL   ?BDISPATCH
   \   000003   ......       DC24    MT_UartProcessZToolData

   \                                 In  segment BANK_RELAYS, align 1
   \                     ??MT_UartProcessZAppData?relay:
   \   000000   12....       LCALL   ?BDISPATCH
   \   000003   ......       DC24    MT_UartProcessZAppData

   \                                 In  segment BANK_RELAYS, align 1
   \                     ??MT_UartZAppBufferLengthRegister?relay:
   \   000000   12....       LCALL   ?BDISPATCH
   \   000003   ......       DC24    MT_UartZAppBufferLengthRegister

   \                                 In  segment BANK_RELAYS, align 1
   \                     ??MT_UartAppFlowControl?relay:
   \   000000   12....       LCALL   ?BDISPATCH
   \   000003   ......       DC24    MT_UartAppFlowControl
    429          
    430          #endif //ZAPP
    431          
    432          /***************************************************************************************************
    433          ***************************************************************************************************/

   Maximum stack usage in bytes:

     Function                       ISTACK PSTACK XSTACK
     --------                       ------ ------ ------
     MT_UartAppFlowControl              0      0      9
       -> Hal_UART_RxBufLen             0      0     18
     MT_UartCalcFCS                     0      0     20
     MT_UartInit                        3      0     29
       -> HalUARTOpen                   4      0     58
     MT_UartProcessZAppData             2      0      0
       -> Hal_UART_RxBufLen             4      0      0
     MT_UartProcessZToolData            1      0     11
       -> Hal_UART_RxBufLen             0      0     22
       -> HalUARTRead                   0      0     22
       -> osal_msg_allocate             0      0     22
       -> Hal_UART_RxBufLen             0      0     22
       -> HalUARTRead                   0      0     22
       -> HalUARTRead                   0      0     22
       -> MT_UartCalcFCS                0      0     22
       -> osal_msg_send                 0      0     22
       -> osal_msg_deallocate           0      0     22
     MT_UartRegisterTaskID              2      0      0
     MT_UartZAppBufferLengthRegister
                                        2      0      0


   Segment part sizes:

     Function/Label                          Bytes
     --------------                          -----
     App_TaskID                                 1
     state                                      1
     CMD_Token                                  2
     LEN_Token                                  1
     FSC_Token                                  1
     pMsg                                       2
     tempDataLen                                1
     MT_UartMaxZAppBufLen                       2
     MT_UartZAppRxStatus                        1
     MT_UartInit                              135
     ??Subroutine11_0                           7
     ?Subroutine0                               1
     MT_UartRegisterTaskID                     10
     MT_UartCalcFCS                            32
     ?Subroutine1                               5
     MT_UartProcessZToolData                  430
     ?Subroutine6                               4
     ?Subroutine9                              14
     ?Subroutine5                               4
     ?Subroutine8                               7
     ?Subroutine4                               8
     ?Subroutine10                              4
     ??Subroutine12_0                           8
     ?Subroutine3                              16
     ?Subroutine7                              15
     ?Subroutine2                               6
     MT_UartProcessZAppData                    12
     MT_UartZAppBufferLengthRegister
                                               30
     MT_UartAppFlowControl                     29
     ??MT_UartInit?relay                        6
     ??MT_UartRegisterTaskID?relay              6
     ??MT_UartCalcFCS?relay                     6
     ??MT_UartProcessZToolData?relay            6
     ??MT_UartProcessZAppData?relay             6
     ??MT_UartZAppBufferLengthRegister?relay    6
     ??MT_UartAppFlowControl?relay              6

 
 777 bytes in segment BANKED_CODE
  42 bytes in segment BANK_RELAYS
  12 bytes in segment XDATA_Z
 
 819 bytes of CODE  memory
  12 bytes of XDATA memory

Errors: none
Warnings: 1
